26-06-14.23:56:16.349 [main            ] INFO  Application            - Starting Application using Java 17 on jjnice with PID 23924 (D:\自学\java学习\记录系统\record-me\record-me-app\target\classes started by 24209 in D:\自学\java学习\记录系统\record-me)
26-06-14.23:56:16.351 [main            ] INFO  Application            - The following 1 profile is active: "dev"
26-06-14.23:56:17.828 [main            ] INFO  TomcatWebServer        - Tomcat initialized with port(s): 8088 (http)
26-06-14.23:56:17.839 [main            ] INFO  Http11NioProtocol      - Initializing ProtocolHandler ["http-nio-8088"]
26-06-14.23:56:17.840 [main            ] INFO  StandardService        - Starting service [Tomcat]
26-06-14.23:56:17.840 [main            ] INFO  StandardEngine         - Starting Servlet engine: [Apache Tomcat/9.0.75]
26-06-14.23:56:17.960 [main            ] INFO  [/]                    - Initializing Spring embedded WebApplicationContext
26-06-14.23:56:17.960 [main            ] INFO  ServletWebServerApplicationContext - Root WebApplicationContext: initialization completed in 1543 ms
26-06-14.23:56:19.036 [main            ] INFO  EndpointLinksResolver  - Exposing 1 endpoint(s) beneath base path '/actuator'
26-06-14.23:56:19.067 [main            ] INFO  Http11NioProtocol      - Starting ProtocolHandler ["http-nio-8088"]
26-06-14.23:56:19.090 [main            ] INFO  TomcatWebServer        - Tomcat started on port(s): 8088 (http) with context path ''
26-06-14.23:56:19.105 [main            ] INFO  Application            - Started Application in 3.36 seconds (JVM running for 4.105)
26-06-14.23:56:19.211 [RMI TCP Connection(2)-172.22.22.159] INFO  HikariDataSource       - HikariPool-1 - Starting...
26-06-14.23:56:19.220 [RMI TCP Connection(4)-172.22.22.159] INFO  [/]                    - Initializing Spring DispatcherServlet 'dispatcherServlet'
26-06-14.23:56:19.220 [RMI TCP Connection(4)-172.22.22.159] INFO  DispatcherServlet      - Initializing Servlet 'dispatcherServlet'
26-06-14.23:56:19.222 [RMI TCP Connection(4)-172.22.22.159] INFO  DispatcherServlet      - Completed initialization in 2 ms
26-06-14.23:56:19.617 [RMI TCP Connection(2)-172.22.22.159] INFO  HikariDataSource       - HikariPool-1 - Start completed.
26-06-14.23:56:55.146 [http-nio-8088-exec-2] INFO  AuthRepository         - 用户注册成功 userId=6, username=zhuojun
26-06-14.23:56:55.146 [http-nio-8088-exec-2] INFO  AuthController         - 用户注册成功 userId=6, username=zhuojun
26-06-14.23:56:57.117 [http-nio-8088-exec-4] ERROR RecordIndexController  - 查询首页信息失败 userId=6
java.lang.RuntimeException: 未查询到该用户的最新周期信息
	at top.daoha.infrastructure.adapter.repository.CycleRepository.getIndexInfoAggregate(CycleRepository.java:33)
	at top.daoha.infrastructure.adapter.repository.CycleRepository$$FastClassBySpringCGLIB$$2f17377a.invoke(<generated>)
	at org.springframework.cglib.proxy.MethodProxy.invoke(MethodProxy.java:218)
	at org.springframework.aop.framework.CglibAopProxy$CglibMethodInvocation.invokeJoinpoint(CglibAopProxy.java:793)
	at org.springframework.aop.framework.ReflectiveMethodInvocation.proceed(ReflectiveMethodInvocation.java:163)
	at org.springframework.aop.framework.CglibAopProxy$CglibMethodInvocation.proceed(CglibAopProxy.java:763)
	at org.springframework.dao.support.PersistenceExceptionTranslationInterceptor.invoke(PersistenceExceptionTranslationInterceptor.java:137)
	at org.springframework.aop.framework.ReflectiveMethodInvocation.proceed(ReflectiveMethodInvocation.java:186)
	at org.springframework.aop.framework.CglibAopProxy$CglibMethodInvocation.proceed(CglibAopProxy.java:763)
	at org.springframework.aop.framework.CglibAopProxy$DynamicAdvisedInterceptor.intercept(CglibAopProxy.java:708)
	at top.daoha.infrastructure.adapter.repository.CycleRepository$$EnhancerBySpringCGLIB$$368703f3.getIndexInfoAggregate(<generated>)
	at top.daoha.domain.cycle.service.CycleService.getIndexInfoAggregate(CycleService.java:17)
	at top.daoha.trigger.http.RecordIndexController.getIndexInfoAggregate(RecordIndexController.java:55)
	at java.base/jdk.internal.reflect.NativeMethodAccessorImpl.invoke0(Native Method)
	at java.base/jdk.internal.reflect.NativeMethodAccessorImpl.invoke(NativeMethodAccessorImpl.java:77)
	at java.base/jdk.internal.reflect.DelegatingMethodAccessorImpl.invoke(DelegatingMethodAccessorImpl.java:43)
	at java.base/java.lang.reflect.Method.invoke(Method.java:568)
	at org.springframework.web.method.support.InvocableHandlerMethod.doInvoke(InvocableHandlerMethod.java:205)
	at org.springframework.web.method.support.InvocableHandlerMethod.invokeForRequest(InvocableHandlerMethod.java:150)
	at org.springframework.web.servlet.mvc.method.annotation.ServletInvocableHandlerMethod.invokeAndHandle(ServletInvocableHandlerMethod.java:117)
	at org.springframework.web.servlet.mvc.method.annotation.RequestMappingHandlerAdapter.invokeHandlerMethod(RequestMappingHandlerAdapter.java:895)
	at org.springframework.web.servlet.mvc.method.annotation.RequestMappingHandlerAdapter.handleInternal(RequestMappingHandlerAdapter.java:808)
	at org.springframework.web.servlet.mvc.method.AbstractHandlerMethodAdapter.handle(AbstractHandlerMethodAdapter.java:87)
	at org.springframework.web.servlet.DispatcherServlet.doDispatch(DispatcherServlet.java:1072)
	at org.springframework.web.servlet.DispatcherServlet.doService(DispatcherServlet.java:965)
	at org.springframework.web.servlet.FrameworkServlet.processRequest(FrameworkServlet.java:1006)
	at org.springframework.web.servlet.FrameworkServlet.doPost(FrameworkServlet.java:909)
	at javax.servlet.http.HttpServlet.service(HttpServlet.java:555)
	at org.springframework.web.servlet.FrameworkServlet.service(FrameworkServlet.java:883)
	at javax.servlet.http.HttpServlet.service(HttpServlet.java:623)
	at org.apache.catalina.core.ApplicationFilterChain.internalDoFilter(ApplicationFilterChain.java:209)
	at org.apache.catalina.core.ApplicationFilterChain.doFilter(ApplicationFilterChain.java:153)
	at org.apache.tomcat.websocket.server.WsFilter.doFilter(WsFilter.java:51)
	at org.apache.catalina.core.ApplicationFilterChain.internalDoFilter(ApplicationFilterChain.java:178)
	at org.apache.catalina.core.ApplicationFilterChain.doFilter(ApplicationFilterChain.java:153)
	at org.springframework.web.filter.RequestContextFilter.doFilterInternal(RequestContextFilter.java:100)
	at org.springframework.web.filter.OncePerRequestFilter.doFilter(OncePerRequestFilter.java:117)
	at org.apache.catalina.core.ApplicationFilterChain.internalDoFilter(ApplicationFilterChain.java:178)
	at org.apache.catalina.core.ApplicationFilterChain.doFilter(ApplicationFilterChain.java:153)
	at org.springframework.web.filter.FormContentFilter.doFilterInternal(FormContentFilter.java:93)
	at org.springframework.web.filter.OncePerRequestFilter.doFilter(OncePerRequestFilter.java:117)
	at org.apache.catalina.core.ApplicationFilterChain.internalDoFilter(ApplicationFilterChain.java:178)
	at org.apache.catalina.core.ApplicationFilterChain.doFilter(ApplicationFilterChain.java:153)
	at org.springframework.boot.actuate.metrics.web.servlet.WebMvcMetricsFilter.doFilterInternal(WebMvcMetricsFilter.java:96)
	at org.springframework.web.filter.OncePerRequestFilter.doFilter(OncePerRequestFilter.java:117)
	at org.apache.catalina.core.ApplicationFilterChain.internalDoFilter(ApplicationFilterChain.java:178)
	at org.apache.catalina.core.ApplicationFilterChain.doFilter(ApplicationFilterChain.java:153)
	at org.springframework.web.filter.CharacterEncodingFilter.doFilterInternal(CharacterEncodingFilter.java:201)
	at org.springframework.web.filter.OncePerRequestFilter.doFilter(OncePerRequestFilter.java:117)
	at org.apache.catalina.core.ApplicationFilterChain.internalDoFilter(ApplicationFilterChain.java:178)
	at org.apache.catalina.core.ApplicationFilterChain.doFilter(ApplicationFilterChain.java:153)
	at org.apache.catalina.core.StandardWrapperValve.invoke(StandardWrapperValve.java:167)
	at org.apache.catalina.core.StandardContextValve.invoke(StandardContextValve.java:90)
	at org.apache.catalina.authenticator.AuthenticatorBase.invoke(AuthenticatorBase.java:481)
	at org.apache.catalina.core.StandardHostValve.invoke(StandardHostValve.java:130)
	at org.apache.catalina.valves.ErrorReportValve.invoke(ErrorReportValve.java:93)
	at org.apache.catalina.core.StandardEngineValve.invoke(StandardEngineValve.java:74)
	at org.apache.catalina.connector.CoyoteAdapter.service(CoyoteAdapter.java:343)
	at org.apache.coyote.http11.Http11Processor.service(Http11Processor.java:390)
	at org.apache.coyote.AbstractProcessorLight.process(AbstractProcessorLight.java:63)
	at org.apache.coyote.AbstractProtocol$ConnectionHandler.process(AbstractProtocol.java:926)
	at org.apache.tomcat.util.net.NioEndpoint$SocketProcessor.doRun(NioEndpoint.java:1791)
	at org.apache.tomcat.util.net.SocketProcessorBase.run(SocketProcessorBase.java:52)
	at org.apache.tomcat.util.threads.ThreadPoolExecutor.runWorker(ThreadPoolExecutor.java:1191)
	at org.apache.tomcat.util.threads.ThreadPoolExecutor$Worker.run(ThreadPoolExecutor.java:659)
	at org.apache.tomcat.util.threads.TaskThread$WrappingRunnable.run(TaskThread.java:61)
	at java.base/java.lang.Thread.run(Thread.java:833)
26-06-14.23:57:07.014 [http-nio-8088-exec-8] INFO  RecordIndexController  - 开始新周期成功 userId=6
26-06-14.23:57:07.033 [http-nio-8088-exec-7] INFO  RecordIndexController  - 查询首页信息成功 userId=6
26-06-14.23:57:10.437 [http-nio-8088-exec-9] INFO  DataShowController     - 查询周期列表成功 userId=6, count=3
26-06-14.23:57:28.487 [http-nio-8088-exec-10] INFO  RecordIndexController  - 查询首页信息成功 userId=6
26-06-14.23:57:30.073 [http-nio-8088-exec-2] INFO  RecordIndexController  - 查询今日症状成功 userId=6, cycleId=9, recordId=9
26-06-14.23:57:42.293 [http-nio-8088-exec-4] INFO  RecordIndexController  - 更新今日症状成功 recordId=null
26-06-14.23:58:03.050 [SpringApplicationShutdownHook] INFO  HikariDataSource       - HikariPool-1 - Shutdown initiated...
26-06-14.23:58:03.057 [SpringApplicationShutdownHook] INFO  HikariDataSource       - HikariPool-1 - Shutdown completed.
