26-06-10.18:15:51.751 [main            ] INFO  Application            - Starting Application using Java 17 on jjnice with PID 34616 (D:\自学\java学习\记录系统\record-me\record-me-app\target\classes started by 24209 in D:\自学\java学习\记录系统\record-me)
26-06-10.18:15:51.755 [main            ] INFO  Application            - The following 1 profile is active: "dev"
26-06-10.18:15:51.985 [main            ] WARN  AnnotationConfigServletWebServerApplicationContext - Exception encountered during context initialization - cancelling refresh attempt: org.springframework.beans.factory.BeanDefinitionStoreException: Failed to parse configuration class [top.daoha.Application]; nested exception is org.springframework.context.annotation.ConflictingBeanDefinitionException: Annotation-specified bean name 'recordService' for bean class [top.daoha.domain.record.service.RecordService] conflicts with existing, non-compatible bean definition of same name and class [top.daoha.domain.dataShow.service.DataShowService]
26-06-10.18:15:52.016 [main            ] ERROR SpringApplication      - Application run failed
org.springframework.beans.factory.BeanDefinitionStoreException: Failed to parse configuration class [top.daoha.Application]; nested exception is org.springframework.context.annotation.ConflictingBeanDefinitionException: Annotation-specified bean name 'recordService' for bean class [top.daoha.domain.record.service.RecordService] conflicts with existing, non-compatible bean definition of same name and class [top.daoha.domain.dataShow.service.DataShowService]
	at org.springframework.context.annotation.ConfigurationClassParser.parse(ConfigurationClassParser.java:188)
	at org.springframework.context.annotation.ConfigurationClassPostProcessor.processConfigBeanDefinitions(ConfigurationClassPostProcessor.java:331)
	at org.springframework.context.annotation.ConfigurationClassPostProcessor.postProcessBeanDefinitionRegistry(ConfigurationClassPostProcessor.java:247)
	at org.springframework.context.support.PostProcessorRegistrationDelegate.invokeBeanDefinitionRegistryPostProcessors(PostProcessorRegistrationDelegate.java:311)
	at org.springframework.context.support.PostProcessorRegistrationDelegate.invokeBeanFactoryPostProcessors(PostProcessorRegistrationDelegate.java:112)
	at org.springframework.context.support.AbstractApplicationContext.invokeBeanFactoryPostProcessors(AbstractApplicationContext.java:748)
	at org.springframework.context.support.AbstractApplicationContext.refresh(AbstractApplicationContext.java:564)
	at org.springframework.boot.web.servlet.context.ServletWebServerApplicationContext.refresh(ServletWebServerApplicationContext.java:147)
	at org.springframework.boot.SpringApplication.refresh(SpringApplication.java:731)
	at org.springframework.boot.SpringApplication.refreshContext(SpringApplication.java:408)
	at org.springframework.boot.SpringApplication.run(SpringApplication.java:307)
	at org.springframework.boot.SpringApplication.run(SpringApplication.java:1303)
	at org.springframework.boot.SpringApplication.run(SpringApplication.java:1292)
	at top.daoha.Application.main(Application.java:12)
Caused by: org.springframework.context.annotation.ConflictingBeanDefinitionException: Annotation-specified bean name 'recordService' for bean class [top.daoha.domain.record.service.RecordService] conflicts with existing, non-compatible bean definition of same name and class [top.daoha.domain.dataShow.service.DataShowService]
	at org.springframework.context.annotation.ClassPathBeanDefinitionScanner.checkCandidate(ClassPathBeanDefinitionScanner.java:349)
	at org.springframework.context.annotation.ClassPathBeanDefinitionScanner.doScan(ClassPathBeanDefinitionScanner.java:287)
	at org.springframework.context.annotation.ComponentScanAnnotationParser.parse(ComponentScanAnnotationParser.java:128)
	at org.springframework.context.annotation.ConfigurationClassParser.doProcessConfigurationClass(ConfigurationClassParser.java:295)
	at org.springframework.context.annotation.ConfigurationClassParser.processConfigurationClass(ConfigurationClassParser.java:249)
	at org.springframework.context.annotation.ConfigurationClassParser.parse(ConfigurationClassParser.java:206)
	at org.springframework.context.annotation.ConfigurationClassParser.parse(ConfigurationClassParser.java:174)
	... 13 common frames omitted
26-06-10.18:16:08.388 [main            ] INFO  Application            - Starting Application using Java 17 on jjnice with PID 24600 (D:\自学\java学习\记录系统\record-me\record-me-app\target\classes started by 24209 in D:\自学\java学习\记录系统\record-me)
26-06-10.18:16:08.391 [main            ] INFO  Application            - The following 1 profile is active: "dev"
26-06-10.18:16:08.589 [main            ] WARN  AnnotationConfigServletWebServerApplicationContext - Exception encountered during context initialization - cancelling refresh attempt: org.springframework.beans.factory.BeanDefinitionStoreException: Failed to parse configuration class [top.daoha.Application]; nested exception is org.springframework.context.annotation.ConflictingBeanDefinitionException: Annotation-specified bean name 'recordService' for bean class [top.daoha.domain.record.service.RecordService] conflicts with existing, non-compatible bean definition of same name and class [top.daoha.domain.dataShow.service.DataShowService]
26-06-10.18:16:08.617 [main            ] ERROR SpringApplication      - Application run failed
org.springframework.beans.factory.BeanDefinitionStoreException: Failed to parse configuration class [top.daoha.Application]; nested exception is org.springframework.context.annotation.ConflictingBeanDefinitionException: Annotation-specified bean name 'recordService' for bean class [top.daoha.domain.record.service.RecordService] conflicts with existing, non-compatible bean definition of same name and class [top.daoha.domain.dataShow.service.DataShowService]
	at org.springframework.context.annotation.ConfigurationClassParser.parse(ConfigurationClassParser.java:188)
	at org.springframework.context.annotation.ConfigurationClassPostProcessor.processConfigBeanDefinitions(ConfigurationClassPostProcessor.java:331)
	at org.springframework.context.annotation.ConfigurationClassPostProcessor.postProcessBeanDefinitionRegistry(ConfigurationClassPostProcessor.java:247)
	at org.springframework.context.support.PostProcessorRegistrationDelegate.invokeBeanDefinitionRegistryPostProcessors(PostProcessorRegistrationDelegate.java:311)
	at org.springframework.context.support.PostProcessorRegistrationDelegate.invokeBeanFactoryPostProcessors(PostProcessorRegistrationDelegate.java:112)
	at org.springframework.context.support.AbstractApplicationContext.invokeBeanFactoryPostProcessors(AbstractApplicationContext.java:748)
	at org.springframework.context.support.AbstractApplicationContext.refresh(AbstractApplicationContext.java:564)
	at org.springframework.boot.web.servlet.context.ServletWebServerApplicationContext.refresh(ServletWebServerApplicationContext.java:147)
	at org.springframework.boot.SpringApplication.refresh(SpringApplication.java:731)
	at org.springframework.boot.SpringApplication.refreshContext(SpringApplication.java:408)
	at org.springframework.boot.SpringApplication.run(SpringApplication.java:307)
	at org.springframework.boot.SpringApplication.run(SpringApplication.java:1303)
	at org.springframework.boot.SpringApplication.run(SpringApplication.java:1292)
	at top.daoha.Application.main(Application.java:12)
Caused by: org.springframework.context.annotation.ConflictingBeanDefinitionException: Annotation-specified bean name 'recordService' for bean class [top.daoha.domain.record.service.RecordService] conflicts with existing, non-compatible bean definition of same name and class [top.daoha.domain.dataShow.service.DataShowService]
	at org.springframework.context.annotation.ClassPathBeanDefinitionScanner.checkCandidate(ClassPathBeanDefinitionScanner.java:349)
	at org.springframework.context.annotation.ClassPathBeanDefinitionScanner.doScan(ClassPathBeanDefinitionScanner.java:287)
	at org.springframework.context.annotation.ComponentScanAnnotationParser.parse(ComponentScanAnnotationParser.java:128)
	at org.springframework.context.annotation.ConfigurationClassParser.doProcessConfigurationClass(ConfigurationClassParser.java:295)
	at org.springframework.context.annotation.ConfigurationClassParser.processConfigurationClass(ConfigurationClassParser.java:249)
	at org.springframework.context.annotation.ConfigurationClassParser.parse(ConfigurationClassParser.java:206)
	at org.springframework.context.annotation.ConfigurationClassParser.parse(ConfigurationClassParser.java:174)
	... 13 common frames omitted
26-06-10.18:16:48.816 [main            ] INFO  Application            - Starting Application using Java 17 on jjnice with PID 34100 (D:\自学\java学习\记录系统\record-me\record-me-app\target\classes started by 24209 in D:\自学\java学习\记录系统\record-me)
26-06-10.18:16:48.821 [main            ] INFO  Application            - The following 1 profile is active: "dev"
26-06-10.18:16:49.061 [main            ] WARN  AnnotationConfigServletWebServerApplicationContext - Exception encountered during context initialization - cancelling refresh attempt: org.springframework.beans.factory.BeanDefinitionStoreException: Failed to parse configuration class [top.daoha.Application]; nested exception is org.springframework.context.annotation.ConflictingBeanDefinitionException: Annotation-specified bean name 'recordService' for bean class [top.daoha.domain.record.service.RecordService] conflicts with existing, non-compatible bean definition of same name and class [top.daoha.domain.dataShow.service.DataShowService]
26-06-10.18:16:49.098 [main            ] ERROR SpringApplication      - Application run failed
org.springframework.beans.factory.BeanDefinitionStoreException: Failed to parse configuration class [top.daoha.Application]; nested exception is org.springframework.context.annotation.ConflictingBeanDefinitionException: Annotation-specified bean name 'recordService' for bean class [top.daoha.domain.record.service.RecordService] conflicts with existing, non-compatible bean definition of same name and class [top.daoha.domain.dataShow.service.DataShowService]
	at org.springframework.context.annotation.ConfigurationClassParser.parse(ConfigurationClassParser.java:188)
	at org.springframework.context.annotation.ConfigurationClassPostProcessor.processConfigBeanDefinitions(ConfigurationClassPostProcessor.java:331)
	at org.springframework.context.annotation.ConfigurationClassPostProcessor.postProcessBeanDefinitionRegistry(ConfigurationClassPostProcessor.java:247)
	at org.springframework.context.support.PostProcessorRegistrationDelegate.invokeBeanDefinitionRegistryPostProcessors(PostProcessorRegistrationDelegate.java:311)
	at org.springframework.context.support.PostProcessorRegistrationDelegate.invokeBeanFactoryPostProcessors(PostProcessorRegistrationDelegate.java:112)
	at org.springframework.context.support.AbstractApplicationContext.invokeBeanFactoryPostProcessors(AbstractApplicationContext.java:748)
	at org.springframework.context.support.AbstractApplicationContext.refresh(AbstractApplicationContext.java:564)
	at org.springframework.boot.web.servlet.context.ServletWebServerApplicationContext.refresh(ServletWebServerApplicationContext.java:147)
	at org.springframework.boot.SpringApplication.refresh(SpringApplication.java:731)
	at org.springframework.boot.SpringApplication.refreshContext(SpringApplication.java:408)
	at org.springframework.boot.SpringApplication.run(SpringApplication.java:307)
	at org.springframework.boot.SpringApplication.run(SpringApplication.java:1303)
	at org.springframework.boot.SpringApplication.run(SpringApplication.java:1292)
	at top.daoha.Application.main(Application.java:12)
Caused by: org.springframework.context.annotation.ConflictingBeanDefinitionException: Annotation-specified bean name 'recordService' for bean class [top.daoha.domain.record.service.RecordService] conflicts with existing, non-compatible bean definition of same name and class [top.daoha.domain.dataShow.service.DataShowService]
	at org.springframework.context.annotation.ClassPathBeanDefinitionScanner.checkCandidate(ClassPathBeanDefinitionScanner.java:349)
	at org.springframework.context.annotation.ClassPathBeanDefinitionScanner.doScan(ClassPathBeanDefinitionScanner.java:287)
	at org.springframework.context.annotation.ComponentScanAnnotationParser.parse(ComponentScanAnnotationParser.java:128)
	at org.springframework.context.annotation.ConfigurationClassParser.doProcessConfigurationClass(ConfigurationClassParser.java:295)
	at org.springframework.context.annotation.ConfigurationClassParser.processConfigurationClass(ConfigurationClassParser.java:249)
	at org.springframework.context.annotation.ConfigurationClassParser.parse(ConfigurationClassParser.java:206)
	at org.springframework.context.annotation.ConfigurationClassParser.parse(ConfigurationClassParser.java:174)
	... 13 common frames omitted
26-06-10.18:19:00.067 [main            ] INFO  Application            - Starting Application using Java 17 on jjnice with PID 32372 (D:\自学\java学习\记录系统\record-me\record-me-app\target\classes started by 24209 in D:\自学\java学习\记录系统\record-me)
26-06-10.18:19:00.070 [main            ] INFO  Application            - The following 1 profile is active: "dev"
26-06-10.18:19:00.281 [main            ] WARN  AnnotationConfigServletWebServerApplicationContext - Exception encountered during context initialization - cancelling refresh attempt: org.springframework.beans.factory.BeanDefinitionStoreException: Failed to parse configuration class [top.daoha.Application]; nested exception is org.springframework.context.annotation.ConflictingBeanDefinitionException: Annotation-specified bean name 'recordService' for bean class [top.daoha.domain.record.service.RecordService] conflicts with existing, non-compatible bean definition of same name and class [top.daoha.domain.dataShow.service.DataShowService]
26-06-10.18:19:00.309 [main            ] ERROR SpringApplication      - Application run failed
org.springframework.beans.factory.BeanDefinitionStoreException: Failed to parse configuration class [top.daoha.Application]; nested exception is org.springframework.context.annotation.ConflictingBeanDefinitionException: Annotation-specified bean name 'recordService' for bean class [top.daoha.domain.record.service.RecordService] conflicts with existing, non-compatible bean definition of same name and class [top.daoha.domain.dataShow.service.DataShowService]
	at org.springframework.context.annotation.ConfigurationClassParser.parse(ConfigurationClassParser.java:188)
	at org.springframework.context.annotation.ConfigurationClassPostProcessor.processConfigBeanDefinitions(ConfigurationClassPostProcessor.java:331)
	at org.springframework.context.annotation.ConfigurationClassPostProcessor.postProcessBeanDefinitionRegistry(ConfigurationClassPostProcessor.java:247)
	at org.springframework.context.support.PostProcessorRegistrationDelegate.invokeBeanDefinitionRegistryPostProcessors(PostProcessorRegistrationDelegate.java:311)
	at org.springframework.context.support.PostProcessorRegistrationDelegate.invokeBeanFactoryPostProcessors(PostProcessorRegistrationDelegate.java:112)
	at org.springframework.context.support.AbstractApplicationContext.invokeBeanFactoryPostProcessors(AbstractApplicationContext.java:748)
	at org.springframework.context.support.AbstractApplicationContext.refresh(AbstractApplicationContext.java:564)
	at org.springframework.boot.web.servlet.context.ServletWebServerApplicationContext.refresh(ServletWebServerApplicationContext.java:147)
	at org.springframework.boot.SpringApplication.refresh(SpringApplication.java:731)
	at org.springframework.boot.SpringApplication.refreshContext(SpringApplication.java:408)
	at org.springframework.boot.SpringApplication.run(SpringApplication.java:307)
	at org.springframework.boot.SpringApplication.run(SpringApplication.java:1303)
	at org.springframework.boot.SpringApplication.run(SpringApplication.java:1292)
	at top.daoha.Application.main(Application.java:12)
Caused by: org.springframework.context.annotation.ConflictingBeanDefinitionException: Annotation-specified bean name 'recordService' for bean class [top.daoha.domain.record.service.RecordService] conflicts with existing, non-compatible bean definition of same name and class [top.daoha.domain.dataShow.service.DataShowService]
	at org.springframework.context.annotation.ClassPathBeanDefinitionScanner.checkCandidate(ClassPathBeanDefinitionScanner.java:349)
	at org.springframework.context.annotation.ClassPathBeanDefinitionScanner.doScan(ClassPathBeanDefinitionScanner.java:287)
	at org.springframework.context.annotation.ComponentScanAnnotationParser.parse(ComponentScanAnnotationParser.java:128)
	at org.springframework.context.annotation.ConfigurationClassParser.doProcessConfigurationClass(ConfigurationClassParser.java:295)
	at org.springframework.context.annotation.ConfigurationClassParser.processConfigurationClass(ConfigurationClassParser.java:249)
	at org.springframework.context.annotation.ConfigurationClassParser.parse(ConfigurationClassParser.java:206)
	at org.springframework.context.annotation.ConfigurationClassParser.parse(ConfigurationClassParser.java:174)
	... 13 common frames omitted
26-06-10.18:20:14.907 [main            ] INFO  Application            - Starting Application using Java 17 on jjnice with PID 352 (D:\自学\java学习\记录系统\record-me\record-me-app\target\classes started by 24209 in D:\自学\java学习\记录系统\record-me)
26-06-10.18:20:14.910 [main            ] INFO  Application            - The following 1 profile is active: "dev"
26-06-10.18:20:16.286 [main            ] INFO  TomcatWebServer        - Tomcat initialized with port(s): 8088 (http)
26-06-10.18:20:16.297 [main            ] INFO  Http11NioProtocol      - Initializing ProtocolHandler ["http-nio-8088"]
26-06-10.18:20:16.298 [main            ] INFO  StandardService        - Starting service [Tomcat]
26-06-10.18:20:16.298 [main            ] INFO  StandardEngine         - Starting Servlet engine: [Apache Tomcat/9.0.75]
26-06-10.18:20:16.420 [main            ] INFO  [/]                    - Initializing Spring embedded WebApplicationContext
26-06-10.18:20:16.421 [main            ] INFO  ServletWebServerApplicationContext - Root WebApplicationContext: initialization completed in 1464 ms
26-06-10.18:20:16.897 [main            ] WARN  AnnotationConfigServletWebServerApplicationContext - Exception encountered during context initialization - cancelling refresh attempt: org.springframework.beans.factory.BeanCreationException: Error creating bean with name 'dataShowController': Injection of resource dependencies failed; nested exception is org.springframework.beans.factory.BeanCreationException: Error creating bean with name 'dataShowService': Injection of resource dependencies failed; nested exception is org.springframework.beans.factory.BeanNotOfRequiredTypeException: Bean named 'recordRepository' is expected to be of type 'top.daoha.domain.dataShow.adapter.repository.IDataShowRepository' but was actually of type 'top.daoha.infrastructure.adapter.repository.RecordRepository$$EnhancerBySpringCGLIB$$90828a67'
26-06-10.18:20:16.900 [main            ] INFO  StandardService        - Stopping service [Tomcat]
26-06-10.18:20:16.917 [main            ] INFO  ConditionEvaluationReportLoggingListener - 

Error starting ApplicationContext. To display the conditions report re-run your application with 'debug' enabled.
26-06-10.18:20:16.934 [main            ] ERROR SpringApplication      - Application run failed
org.springframework.beans.factory.BeanCreationException: Error creating bean with name 'dataShowController': Injection of resource dependencies failed; nested exception is org.springframework.beans.factory.BeanCreationException: Error creating bean with name 'dataShowService': Injection of resource dependencies failed; nested exception is org.springframework.beans.factory.BeanNotOfRequiredTypeException: Bean named 'recordRepository' is expected to be of type 'top.daoha.domain.dataShow.adapter.repository.IDataShowRepository' but was actually of type 'top.daoha.infrastructure.adapter.repository.RecordRepository$$EnhancerBySpringCGLIB$$90828a67'
	at org.springframework.context.annotation.CommonAnnotationBeanPostProcessor.postProcessProperties(CommonAnnotationBeanPostProcessor.java:332)
	at org.springframework.beans.factory.support.AbstractAutowireCapableBeanFactory.populateBean(AbstractAutowireCapableBeanFactory.java:1431)
	at org.springframework.beans.factory.support.AbstractAutowireCapableBeanFactory.doCreateBean(AbstractAutowireCapableBeanFactory.java:619)
	at org.springframework.beans.factory.support.AbstractAutowireCapableBeanFactory.createBean(AbstractAutowireCapableBeanFactory.java:542)
	at org.springframework.beans.factory.support.AbstractBeanFactory.lambda$doGetBean$0(AbstractBeanFactory.java:335)
	at org.springframework.beans.factory.support.DefaultSingletonBeanRegistry.getSingleton(DefaultSingletonBeanRegistry.java:234)
	at org.springframework.beans.factory.support.AbstractBeanFactory.doGetBean(AbstractBeanFactory.java:333)
	at org.springframework.beans.factory.support.AbstractBeanFactory.getBean(AbstractBeanFactory.java:208)
	at org.springframework.beans.factory.support.DefaultListableBeanFactory.preInstantiateSingletons(DefaultListableBeanFactory.java:955)
	at org.springframework.context.support.AbstractApplicationContext.finishBeanFactoryInitialization(AbstractApplicationContext.java:920)
	at org.springframework.context.support.AbstractApplicationContext.refresh(AbstractApplicationContext.java:583)
	at org.springframework.boot.web.servlet.context.ServletWebServerApplicationContext.refresh(ServletWebServerApplicationContext.java:147)
	at org.springframework.boot.SpringApplication.refresh(SpringApplication.java:731)
	at org.springframework.boot.SpringApplication.refreshContext(SpringApplication.java:408)
	at org.springframework.boot.SpringApplication.run(SpringApplication.java:307)
	at org.springframework.boot.SpringApplication.run(SpringApplication.java:1303)
	at org.springframework.boot.SpringApplication.run(SpringApplication.java:1292)
	at top.daoha.Application.main(Application.java:12)
Caused by: org.springframework.beans.factory.BeanCreationException: Error creating bean with name 'dataShowService': Injection of resource dependencies failed; nested exception is org.springframework.beans.factory.BeanNotOfRequiredTypeException: Bean named 'recordRepository' is expected to be of type 'top.daoha.domain.dataShow.adapter.repository.IDataShowRepository' but was actually of type 'top.daoha.infrastructure.adapter.repository.RecordRepository$$EnhancerBySpringCGLIB$$90828a67'
	at org.springframework.context.annotation.CommonAnnotationBeanPostProcessor.postProcessProperties(CommonAnnotationBeanPostProcessor.java:332)
	at org.springframework.beans.factory.support.AbstractAutowireCapableBeanFactory.populateBean(AbstractAutowireCapableBeanFactory.java:1431)
	at org.springframework.beans.factory.support.AbstractAutowireCapableBeanFactory.doCreateBean(AbstractAutowireCapableBeanFactory.java:619)
	at org.springframework.beans.factory.support.AbstractAutowireCapableBeanFactory.createBean(AbstractAutowireCapableBeanFactory.java:542)
	at org.springframework.beans.factory.support.AbstractBeanFactory.lambda$doGetBean$0(AbstractBeanFactory.java:335)
	at org.springframework.beans.factory.support.DefaultSingletonBeanRegistry.getSingleton(DefaultSingletonBeanRegistry.java:234)
	at org.springframework.beans.factory.support.AbstractBeanFactory.doGetBean(AbstractBeanFactory.java:333)
	at org.springframework.beans.factory.support.AbstractBeanFactory.getBean(AbstractBeanFactory.java:213)
	at org.springframework.beans.factory.support.AbstractAutowireCapableBeanFactory.resolveBeanByName(AbstractAutowireCapableBeanFactory.java:479)
	at org.springframework.context.annotation.CommonAnnotationBeanPostProcessor.autowireResource(CommonAnnotationBeanPostProcessor.java:550)
	at org.springframework.context.annotation.CommonAnnotationBeanPostProcessor.getResource(CommonAnnotationBeanPostProcessor.java:520)
	at org.springframework.context.annotation.CommonAnnotationBeanPostProcessor$ResourceElement.getResourceToInject(CommonAnnotationBeanPostProcessor.java:673)
	at org.springframework.beans.factory.annotation.InjectionMetadata$InjectedElement.inject(InjectionMetadata.java:228)
	at org.springframework.beans.factory.annotation.InjectionMetadata.inject(InjectionMetadata.java:119)
	at org.springframework.context.annotation.CommonAnnotationBeanPostProcessor.postProcessProperties(CommonAnnotationBeanPostProcessor.java:329)
	... 17 common frames omitted
Caused by: org.springframework.beans.factory.BeanNotOfRequiredTypeException: Bean named 'recordRepository' is expected to be of type 'top.daoha.domain.dataShow.adapter.repository.IDataShowRepository' but was actually of type 'top.daoha.infrastructure.adapter.repository.RecordRepository$$EnhancerBySpringCGLIB$$90828a67'
	at org.springframework.beans.factory.support.AbstractBeanFactory.adaptBeanInstance(AbstractBeanFactory.java:417)
	at org.springframework.beans.factory.support.AbstractBeanFactory.doGetBean(AbstractBeanFactory.java:398)
	at org.springframework.beans.factory.support.AbstractBeanFactory.getBean(AbstractBeanFactory.java:213)
	at org.springframework.beans.factory.support.AbstractAutowireCapableBeanFactory.resolveBeanByName(AbstractAutowireCapableBeanFactory.java:479)
	at org.springframework.context.annotation.CommonAnnotationBeanPostProcessor.autowireResource(CommonAnnotationBeanPostProcessor.java:550)
	at org.springframework.context.annotation.CommonAnnotationBeanPostProcessor.getResource(CommonAnnotationBeanPostProcessor.java:520)
	at org.springframework.context.annotation.CommonAnnotationBeanPostProcessor$ResourceElement.getResourceToInject(CommonAnnotationBeanPostProcessor.java:673)
	at org.springframework.beans.factory.annotation.InjectionMetadata$InjectedElement.inject(InjectionMetadata.java:228)
	at org.springframework.beans.factory.annotation.InjectionMetadata.inject(InjectionMetadata.java:119)
	at org.springframework.context.annotation.CommonAnnotationBeanPostProcessor.postProcessProperties(CommonAnnotationBeanPostProcessor.java:329)
	... 31 common frames omitted
26-06-10.18:20:27.127 [main            ] INFO  Application            - Starting Application using Java 17 on jjnice with PID 31528 (D:\自学\java学习\记录系统\record-me\record-me-app\target\classes started by 24209 in D:\自学\java学习\记录系统\record-me)
26-06-10.18:20:27.130 [main            ] INFO  Application            - The following 1 profile is active: "dev"
26-06-10.18:20:28.902 [main            ] INFO  TomcatWebServer        - Tomcat initialized with port(s): 8088 (http)
26-06-10.18:20:28.914 [main            ] INFO  Http11NioProtocol      - Initializing ProtocolHandler ["http-nio-8088"]
26-06-10.18:20:28.915 [main            ] INFO  StandardService        - Starting service [Tomcat]
26-06-10.18:20:28.915 [main            ] INFO  StandardEngine         - Starting Servlet engine: [Apache Tomcat/9.0.75]
26-06-10.18:20:29.032 [main            ] INFO  [/]                    - Initializing Spring embedded WebApplicationContext
26-06-10.18:20:29.032 [main            ] INFO  ServletWebServerApplicationContext - Root WebApplicationContext: initialization completed in 1838 ms
26-06-10.18:20:29.958 [main            ] WARN  AnnotationConfigServletWebServerApplicationContext - Exception encountered during context initialization - cancelling refresh attempt: org.springframework.beans.factory.BeanCreationException: Error creating bean with name 'dataShowController': Injection of resource dependencies failed; nested exception is org.springframework.beans.factory.BeanCreationException: Error creating bean with name 'dataShowService': Injection of resource dependencies failed; nested exception is org.springframework.beans.factory.BeanNotOfRequiredTypeException: Bean named 'recordRepository' is expected to be of type 'top.daoha.domain.dataShow.adapter.repository.IDataShowRepository' but was actually of type 'top.daoha.infrastructure.adapter.repository.RecordRepository$$EnhancerBySpringCGLIB$$e82ce5a7'
26-06-10.18:20:29.967 [main            ] INFO  StandardService        - Stopping service [Tomcat]
26-06-10.18:20:29.992 [main            ] INFO  ConditionEvaluationReportLoggingListener - 

Error starting ApplicationContext. To display the conditions report re-run your application with 'debug' enabled.
26-06-10.18:20:30.042 [main            ] ERROR SpringApplication      - Application run failed
org.springframework.beans.factory.BeanCreationException: Error creating bean with name 'dataShowController': Injection of resource dependencies failed; nested exception is org.springframework.beans.factory.BeanCreationException: Error creating bean with name 'dataShowService': Injection of resource dependencies failed; nested exception is org.springframework.beans.factory.BeanNotOfRequiredTypeException: Bean named 'recordRepository' is expected to be of type 'top.daoha.domain.dataShow.adapter.repository.IDataShowRepository' but was actually of type 'top.daoha.infrastructure.adapter.repository.RecordRepository$$EnhancerBySpringCGLIB$$e82ce5a7'
	at org.springframework.context.annotation.CommonAnnotationBeanPostProcessor.postProcessProperties(CommonAnnotationBeanPostProcessor.java:332)
	at org.springframework.beans.factory.support.AbstractAutowireCapableBeanFactory.populateBean(AbstractAutowireCapableBeanFactory.java:1431)
	at org.springframework.beans.factory.support.AbstractAutowireCapableBeanFactory.doCreateBean(AbstractAutowireCapableBeanFactory.java:619)
	at org.springframework.beans.factory.support.AbstractAutowireCapableBeanFactory.createBean(AbstractAutowireCapableBeanFactory.java:542)
	at org.springframework.beans.factory.support.AbstractBeanFactory.lambda$doGetBean$0(AbstractBeanFactory.java:335)
	at org.springframework.beans.factory.support.DefaultSingletonBeanRegistry.getSingleton(DefaultSingletonBeanRegistry.java:234)
	at org.springframework.beans.factory.support.AbstractBeanFactory.doGetBean(AbstractBeanFactory.java:333)
	at org.springframework.beans.factory.support.AbstractBeanFactory.getBean(AbstractBeanFactory.java:208)
	at org.springframework.beans.factory.support.DefaultListableBeanFactory.preInstantiateSingletons(DefaultListableBeanFactory.java:955)
	at org.springframework.context.support.AbstractApplicationContext.finishBeanFactoryInitialization(AbstractApplicationContext.java:920)
	at org.springframework.context.support.AbstractApplicationContext.refresh(AbstractApplicationContext.java:583)
	at org.springframework.boot.web.servlet.context.ServletWebServerApplicationContext.refresh(ServletWebServerApplicationContext.java:147)
	at org.springframework.boot.SpringApplication.refresh(SpringApplication.java:731)
	at org.springframework.boot.SpringApplication.refreshContext(SpringApplication.java:408)
	at org.springframework.boot.SpringApplication.run(SpringApplication.java:307)
	at org.springframework.boot.SpringApplication.run(SpringApplication.java:1303)
	at org.springframework.boot.SpringApplication.run(SpringApplication.java:1292)
	at top.daoha.Application.main(Application.java:12)
Caused by: org.springframework.beans.factory.BeanCreationException: Error creating bean with name 'dataShowService': Injection of resource dependencies failed; nested exception is org.springframework.beans.factory.BeanNotOfRequiredTypeException: Bean named 'recordRepository' is expected to be of type 'top.daoha.domain.dataShow.adapter.repository.IDataShowRepository' but was actually of type 'top.daoha.infrastructure.adapter.repository.RecordRepository$$EnhancerBySpringCGLIB$$e82ce5a7'
	at org.springframework.context.annotation.CommonAnnotationBeanPostProcessor.postProcessProperties(CommonAnnotationBeanPostProcessor.java:332)
	at org.springframework.beans.factory.support.AbstractAutowireCapableBeanFactory.populateBean(AbstractAutowireCapableBeanFactory.java:1431)
	at org.springframework.beans.factory.support.AbstractAutowireCapableBeanFactory.doCreateBean(AbstractAutowireCapableBeanFactory.java:619)
	at org.springframework.beans.factory.support.AbstractAutowireCapableBeanFactory.createBean(AbstractAutowireCapableBeanFactory.java:542)
	at org.springframework.beans.factory.support.AbstractBeanFactory.lambda$doGetBean$0(AbstractBeanFactory.java:335)
	at org.springframework.beans.factory.support.DefaultSingletonBeanRegistry.getSingleton(DefaultSingletonBeanRegistry.java:234)
	at org.springframework.beans.factory.support.AbstractBeanFactory.doGetBean(AbstractBeanFactory.java:333)
	at org.springframework.beans.factory.support.AbstractBeanFactory.getBean(AbstractBeanFactory.java:213)
	at org.springframework.beans.factory.support.AbstractAutowireCapableBeanFactory.resolveBeanByName(AbstractAutowireCapableBeanFactory.java:479)
	at org.springframework.context.annotation.CommonAnnotationBeanPostProcessor.autowireResource(CommonAnnotationBeanPostProcessor.java:550)
	at org.springframework.context.annotation.CommonAnnotationBeanPostProcessor.getResource(CommonAnnotationBeanPostProcessor.java:520)
	at org.springframework.context.annotation.CommonAnnotationBeanPostProcessor$ResourceElement.getResourceToInject(CommonAnnotationBeanPostProcessor.java:673)
	at org.springframework.beans.factory.annotation.InjectionMetadata$InjectedElement.inject(InjectionMetadata.java:228)
	at org.springframework.beans.factory.annotation.InjectionMetadata.inject(InjectionMetadata.java:119)
	at org.springframework.context.annotation.CommonAnnotationBeanPostProcessor.postProcessProperties(CommonAnnotationBeanPostProcessor.java:329)
	... 17 common frames omitted
Caused by: org.springframework.beans.factory.BeanNotOfRequiredTypeException: Bean named 'recordRepository' is expected to be of type 'top.daoha.domain.dataShow.adapter.repository.IDataShowRepository' but was actually of type 'top.daoha.infrastructure.adapter.repository.RecordRepository$$EnhancerBySpringCGLIB$$e82ce5a7'
	at org.springframework.beans.factory.support.AbstractBeanFactory.adaptBeanInstance(AbstractBeanFactory.java:417)
	at org.springframework.beans.factory.support.AbstractBeanFactory.doGetBean(AbstractBeanFactory.java:398)
	at org.springframework.beans.factory.support.AbstractBeanFactory.getBean(AbstractBeanFactory.java:213)
	at org.springframework.beans.factory.support.AbstractAutowireCapableBeanFactory.resolveBeanByName(AbstractAutowireCapableBeanFactory.java:479)
	at org.springframework.context.annotation.CommonAnnotationBeanPostProcessor.autowireResource(CommonAnnotationBeanPostProcessor.java:550)
	at org.springframework.context.annotation.CommonAnnotationBeanPostProcessor.getResource(CommonAnnotationBeanPostProcessor.java:520)
	at org.springframework.context.annotation.CommonAnnotationBeanPostProcessor$ResourceElement.getResourceToInject(CommonAnnotationBeanPostProcessor.java:673)
	at org.springframework.beans.factory.annotation.InjectionMetadata$InjectedElement.inject(InjectionMetadata.java:228)
	at org.springframework.beans.factory.annotation.InjectionMetadata.inject(InjectionMetadata.java:119)
	at org.springframework.context.annotation.CommonAnnotationBeanPostProcessor.postProcessProperties(CommonAnnotationBeanPostProcessor.java:329)
	... 31 common frames omitted
26-06-10.18:29:09.962 [main            ] INFO  Application            - Starting Application using Java 17 on jjnice with PID 31536 (D:\自学\java学习\记录系统\record-me\record-me-app\target\classes started by 24209 in D:\自学\java学习\记录系统\record-me)
26-06-10.18:29:09.965 [main            ] INFO  Application            - The following 1 profile is active: "dev"
26-06-10.18:29:11.293 [main            ] INFO  TomcatWebServer        - Tomcat initialized with port(s): 8088 (http)
26-06-10.18:29:11.303 [main            ] INFO  Http11NioProtocol      - Initializing ProtocolHandler ["http-nio-8088"]
26-06-10.18:29:11.303 [main            ] INFO  StandardService        - Starting service [Tomcat]
26-06-10.18:29:11.303 [main            ] INFO  StandardEngine         - Starting Servlet engine: [Apache Tomcat/9.0.75]
26-06-10.18:29:11.432 [main            ] INFO  [/]                    - Initializing Spring embedded WebApplicationContext
26-06-10.18:29:11.432 [main            ] INFO  ServletWebServerApplicationContext - Root WebApplicationContext: initialization completed in 1420 ms
26-06-10.18:29:12.458 [main            ] INFO  EndpointLinksResolver  - Exposing 1 endpoint(s) beneath base path '/actuator'
26-06-10.18:29:12.485 [main            ] INFO  Http11NioProtocol      - Starting ProtocolHandler ["http-nio-8088"]
26-06-10.18:29:12.507 [main            ] INFO  TomcatWebServer        - Tomcat started on port(s): 8088 (http) with context path ''
26-06-10.18:29:12.522 [main            ] INFO  Application            - Started Application in 3.034 seconds (JVM running for 3.634)
26-06-10.18:29:12.967 [RMI TCP Connection(3)-172.22.22.159] INFO  [/]                    - Initializing Spring DispatcherServlet 'dispatcherServlet'
26-06-10.18:29:12.967 [RMI TCP Connection(3)-172.22.22.159] INFO  DispatcherServlet      - Initializing Servlet 'dispatcherServlet'
26-06-10.18:29:12.968 [RMI TCP Connection(3)-172.22.22.159] INFO  DispatcherServlet      - Completed initialization in 1 ms
26-06-10.18:29:12.981 [RMI TCP Connection(5)-172.22.22.159] INFO  HikariDataSource       - HikariPool-1 - Starting...
26-06-10.18:29:13.442 [RMI TCP Connection(5)-172.22.22.159] INFO  HikariDataSource       - HikariPool-1 - Start completed.
26-06-10.18:29:40.346 [http-nio-8088-exec-1] INFO  DataShowController     - 查询周期列表成功 userId=1, count=1
26-06-10.18:30:07.219 [http-nio-8088-exec-2] INFO  DataShowController     - 查询周期列表成功 userId=1, count=2
26-06-10.18:30:20.417 [http-nio-8088-exec-3] INFO  DataShowController     - 查询周期列表成功 userId=1, count=3
26-06-10.18:48:56.443 [http-nio-8088-exec-6] INFO  RecordIndexController  - 查询首页信息成功 userId=5
26-06-10.18:49:11.819 [http-nio-8088-exec-7] INFO  RecordIndexController  - 查询首页信息成功 userId=5
26-06-10.18:49:16.447 [http-nio-8088-exec-8] INFO  RecordIndexController  - 查询首页信息成功 userId=5
26-06-10.18:51:29.070 [http-nio-8088-exec-10] INFO  RecordIndexController  - 查询首页信息成功 userId=5
26-06-10.18:51:35.085 [http-nio-8088-exec-1] INFO  RecordIndexController  - 查询首页信息成功 userId=5
26-06-10.18:51:36.736 [http-nio-8088-exec-3] INFO  DataShowController     - 查询周期列表成功 userId=5, count=3
26-06-10.18:52:17.293 [http-nio-8088-exec-4] INFO  DataShowController     - 查询周期列表成功 userId=5, count=5
26-06-10.18:52:28.137 [http-nio-8088-exec-5] INFO  DataShowController     - 查询周期列表成功 userId=5, count=3
26-06-10.18:52:44.106 [http-nio-8088-exec-6] INFO  RecordIndexController  - 查询首页信息成功 userId=5
26-06-10.18:52:45.977 [http-nio-8088-exec-7] INFO  DataShowController     - 查询周期列表成功 userId=5, count=3
26-06-10.18:52:48.340 [http-nio-8088-exec-8] INFO  RecordIndexController  - 查询首页信息成功 userId=5
26-06-10.18:52:49.820 [http-nio-8088-exec-9] INFO  DataShowController     - 查询周期列表成功 userId=5, count=3
26-06-10.18:56:37.914 [http-nio-8088-exec-1] INFO  DataShowController     - 查询周期列表成功 userId=5, count=3
26-06-10.19:00:36.103 [SpringApplicationShutdownHook] INFO  HikariDataSource       - HikariPool-1 - Shutdown initiated...
26-06-10.19:00:36.107 [SpringApplicationShutdownHook] INFO  HikariDataSource       - HikariPool-1 - Shutdown completed.
