26-06-15.11:18:38.578 [main            ] INFO  Application            - Starting Application using Java 17 on jjnice with PID 23752 (D:\自学\java学习\记录系统\record-me\record-me-app\target\classes started by 24209 in D:\自学\java学习\记录系统\record-me)
26-06-15.11:18:38.581 [main            ] INFO  Application            - The following 1 profile is active: "dev"
26-06-15.11:18:40.014 [main            ] INFO  TomcatWebServer        - Tomcat initialized with port(s): 8088 (http)
26-06-15.11:18:40.024 [main            ] INFO  Http11NioProtocol      - Initializing ProtocolHandler ["http-nio-8088"]
26-06-15.11:18:40.024 [main            ] INFO  StandardService        - Starting service [Tomcat]
26-06-15.11:18:40.024 [main            ] INFO  StandardEngine         - Starting Servlet engine: [Apache Tomcat/9.0.75]
26-06-15.11:18:40.142 [main            ] INFO  [/]                    - Initializing Spring embedded WebApplicationContext
26-06-15.11:18:40.142 [main            ] INFO  ServletWebServerApplicationContext - Root WebApplicationContext: initialization completed in 1496 ms
26-06-15.11:18:41.147 [main            ] INFO  EndpointLinksResolver  - Exposing 1 endpoint(s) beneath base path '/actuator'
26-06-15.11:18:41.172 [main            ] INFO  Http11NioProtocol      - Starting ProtocolHandler ["http-nio-8088"]
26-06-15.11:18:41.191 [main            ] INFO  TomcatWebServer        - Tomcat started on port(s): 8088 (http) with context path ''
26-06-15.11:18:41.206 [main            ] INFO  Application            - Started Application in 3.543 seconds (JVM running for 4.638)
26-06-15.11:18:41.447 [RMI TCP Connection(2)-172.22.22.159] INFO  [/]                    - Initializing Spring DispatcherServlet 'dispatcherServlet'
26-06-15.11:18:41.448 [RMI TCP Connection(2)-172.22.22.159] INFO  DispatcherServlet      - Initializing Servlet 'dispatcherServlet'
26-06-15.11:18:41.448 [RMI TCP Connection(2)-172.22.22.159] INFO  DispatcherServlet      - Completed initialization in 0 ms
26-06-15.11:18:41.476 [RMI TCP Connection(4)-172.22.22.159] INFO  HikariDataSource       - HikariPool-1 - Starting...
26-06-15.11:18:41.936 [RMI TCP Connection(4)-172.22.22.159] INFO  HikariDataSource       - HikariPool-1 - Start completed.
26-06-15.11:20:58.516 [http-nio-8088-exec-1] INFO  DataShowController     - 查询周期列表成功 userId=1, count=1
26-06-15.11:21:08.627 [http-nio-8088-exec-2] INFO  MineController         - 查询用户信息成功 userId=1
26-06-15.11:21:50.514 [http-nio-8088-exec-4] WARN  DefaultHandlerExceptionResolver - Resolved [org.springframework.http.converter.HttpMessageNotReadableException: JSON parse error: Cannot deserialize value of type `java.util.Date` from String "2026-06-15 11:19:39": not a valid representation (error: Failed to parse Date value '2026-06-15 11:19:39': Cannot parse date "2026-06-15 11:19:39": while it seems to fit format 'yyyy-MM-dd'T'HH:mm:ss.SSSX', parsing fails (leniency? null)); nested exception is com.fasterxml.jackson.databind.exc.InvalidFormatException: Cannot deserialize value of type `java.util.Date` from String "2026-06-15 11:19:39": not a valid representation (error: Failed to parse Date value '2026-06-15 11:19:39': Cannot parse date "2026-06-15 11:19:39": while it seems to fit format 'yyyy-MM-dd'T'HH:mm:ss.SSSX', parsing fails (leniency? null))<EOL> at [Source: (org.springframework.util.StreamUtils$NonClosingInputStream); line: 6, column: 17] (through reference chain: top.daoha.api.dto.UserInfoRequestDTO["birthday"])]
26-06-15.11:24:37.783 [http-nio-8088-exec-3] INFO  AuthRepository         - 用户信息已更新 userId=6
26-06-15.11:24:37.783 [http-nio-8088-exec-3] INFO  MineController         - 更新用户信息成功 userId=6
26-06-15.11:25:06.158 [SpringApplicationShutdownHook] INFO  HikariDataSource       - HikariPool-1 - Shutdown initiated...
26-06-15.11:25:06.164 [SpringApplicationShutdownHook] INFO  HikariDataSource       - HikariPool-1 - Shutdown completed.
26-06-15.19:18:56.352 [main            ] INFO  Application            - Starting Application using Java 17 on jjnice with PID 29772 (D:\自学\java学习\记录系统\record-me\record-me-app\target\classes started by 24209 in D:\自学\java学习\记录系统\record-me)
26-06-15.19:18:56.355 [main            ] INFO  Application            - The following 1 profile is active: "dev"
26-06-15.19:18:57.668 [main            ] INFO  TomcatWebServer        - Tomcat initialized with port(s): 8088 (http)
26-06-15.19:18:57.678 [main            ] INFO  Http11NioProtocol      - Initializing ProtocolHandler ["http-nio-8088"]
26-06-15.19:18:57.679 [main            ] INFO  StandardService        - Starting service [Tomcat]
26-06-15.19:18:57.679 [main            ] INFO  StandardEngine         - Starting Servlet engine: [Apache Tomcat/9.0.75]
26-06-15.19:18:57.797 [main            ] INFO  [/]                    - Initializing Spring embedded WebApplicationContext
26-06-15.19:18:57.797 [main            ] INFO  ServletWebServerApplicationContext - Root WebApplicationContext: initialization completed in 1398 ms
26-06-15.19:18:58.868 [main            ] INFO  EndpointLinksResolver  - Exposing 1 endpoint(s) beneath base path '/actuator'
26-06-15.19:18:58.896 [main            ] INFO  Http11NioProtocol      - Starting ProtocolHandler ["http-nio-8088"]
26-06-15.19:18:58.918 [main            ] INFO  TomcatWebServer        - Tomcat started on port(s): 8088 (http) with context path ''
26-06-15.19:18:58.934 [main            ] INFO  Application            - Started Application in 3.153 seconds (JVM running for 3.96)
26-06-15.19:18:59.435 [RMI TCP Connection(1)-172.22.22.159] INFO  [/]                    - Initializing Spring DispatcherServlet 'dispatcherServlet'
26-06-15.19:18:59.435 [RMI TCP Connection(1)-172.22.22.159] INFO  DispatcherServlet      - Initializing Servlet 'dispatcherServlet'
26-06-15.19:18:59.437 [RMI TCP Connection(1)-172.22.22.159] INFO  DispatcherServlet      - Completed initialization in 2 ms
26-06-15.19:18:59.437 [RMI TCP Connection(2)-172.22.22.159] INFO  HikariDataSource       - HikariPool-1 - Starting...
26-06-15.19:18:59.907 [RMI TCP Connection(2)-172.22.22.159] INFO  HikariDataSource       - HikariPool-1 - Start completed.
26-06-15.19:19:01.903 [http-nio-8088-exec-1] INFO  MineController         - 查询用户生理期记录成功 userId=1, cycleId=7
26-06-15.19:20:29.124 [SpringApplicationShutdownHook] INFO  HikariDataSource       - HikariPool-1 - Shutdown initiated...
26-06-15.19:20:29.143 [SpringApplicationShutdownHook] INFO  HikariDataSource       - HikariPool-1 - Shutdown completed.
26-06-15.19:30:15.809 [main            ] INFO  Application            - Starting Application using Java 17 on jjnice with PID 6664 (D:\自学\java学习\记录系统\record-me\record-me-app\target\classes started by 24209 in D:\自学\java学习\记录系统\record-me)
26-06-15.19:30:15.812 [main            ] INFO  Application            - The following 1 profile is active: "dev"
26-06-15.19:30:17.004 [main            ] INFO  TomcatWebServer        - Tomcat initialized with port(s): 8088 (http)
26-06-15.19:30:17.012 [main            ] INFO  Http11NioProtocol      - Initializing ProtocolHandler ["http-nio-8088"]
26-06-15.19:30:17.013 [main            ] INFO  StandardService        - Starting service [Tomcat]
26-06-15.19:30:17.013 [main            ] INFO  StandardEngine         - Starting Servlet engine: [Apache Tomcat/9.0.75]
26-06-15.19:30:17.124 [main            ] INFO  [/]                    - Initializing Spring embedded WebApplicationContext
26-06-15.19:30:17.124 [main            ] INFO  ServletWebServerApplicationContext - Root WebApplicationContext: initialization completed in 1272 ms
26-06-15.19:30:18.122 [main            ] INFO  EndpointLinksResolver  - Exposing 1 endpoint(s) beneath base path '/actuator'
26-06-15.19:30:18.150 [main            ] INFO  Http11NioProtocol      - Starting ProtocolHandler ["http-nio-8088"]
26-06-15.19:30:18.171 [main            ] INFO  TomcatWebServer        - Tomcat started on port(s): 8088 (http) with context path ''
26-06-15.19:30:18.185 [main            ] INFO  Application            - Started Application in 2.89 seconds (JVM running for 3.606)
26-06-15.19:30:18.470 [RMI TCP Connection(3)-172.22.22.159] INFO  [/]                    - Initializing Spring DispatcherServlet 'dispatcherServlet'
26-06-15.19:30:18.470 [RMI TCP Connection(3)-172.22.22.159] INFO  DispatcherServlet      - Initializing Servlet 'dispatcherServlet'
26-06-15.19:30:18.472 [RMI TCP Connection(3)-172.22.22.159] INFO  DispatcherServlet      - Completed initialization in 2 ms
26-06-15.19:30:18.484 [RMI TCP Connection(5)-172.22.22.159] INFO  HikariDataSource       - HikariPool-1 - Starting...
26-06-15.19:30:18.822 [RMI TCP Connection(5)-172.22.22.159] INFO  HikariDataSource       - HikariPool-1 - Start completed.
26-06-15.19:30:19.305 [http-nio-8088-exec-1] INFO  MineController         - 查询用户生理期记录成功 userId=1, cycleId=7
26-06-15.19:34:57.823 [http-nio-8088-exec-3] INFO  MineController         - 更新生理期记录成功 cycleId=1
26-06-15.19:39:34.251 [http-nio-8088-exec-7] INFO  MineController         - 查询用户信息成功 userId=6
26-06-15.19:39:48.083 [http-nio-8088-exec-4] INFO  RecordIndexController  - 查询首页信息成功 userId=6
26-06-15.19:39:50.667 [http-nio-8088-exec-8] INFO  DataShowController     - 查询周期列表成功 userId=6, count=3
26-06-15.19:39:52.394 [http-nio-8088-exec-1] INFO  MineController         - 查询用户信息成功 userId=6
26-06-15.19:39:54.306 [http-nio-8088-exec-2] INFO  DataShowController     - 查询周期列表成功 userId=6, count=3
26-06-15.19:39:55.922 [http-nio-8088-exec-3] INFO  RecordIndexController  - 查询首页信息成功 userId=6
26-06-15.19:39:58.048 [http-nio-8088-exec-5] INFO  DataShowController     - 查询周期列表成功 userId=6, count=3
26-06-15.19:39:59.775 [http-nio-8088-exec-6] INFO  MineController         - 查询用户信息成功 userId=6
26-06-15.19:40:01.374 [http-nio-8088-exec-10] INFO  MineController         - 查询用户生理期记录成功 userId=6, cycleId=9
26-06-15.19:41:24.246 [http-nio-8088-exec-8] INFO  AuthController         - 用户登录成功 username=Alice
26-06-15.19:41:25.977 [http-nio-8088-exec-1] INFO  RecordIndexController  - 查询首页信息成功 userId=1
26-06-15.19:41:34.865 [http-nio-8088-exec-3] INFO  RecordIndexController  - 结束周期成功 userId=1
26-06-15.19:41:34.877 [http-nio-8088-exec-5] INFO  RecordIndexController  - 查询首页信息成功 userId=1
26-06-15.19:41:40.966 [http-nio-8088-exec-6] INFO  DataShowController     - 查询周期列表成功 userId=1, count=3
26-06-15.19:41:47.625 [http-nio-8088-exec-7] INFO  MineController         - 查询用户信息成功 userId=1
26-06-15.19:41:58.986 [http-nio-8088-exec-10] INFO  MineController         - 查询用户生理期记录成功 userId=1, cycleId=1
26-06-15.19:42:23.209 [http-nio-8088-exec-4] INFO  MineController         - 查询用户生理期记录成功 userId=1, cycleId=1
26-06-15.19:42:44.535 [http-nio-8088-exec-9] INFO  MineController         - 查询用户生理期记录成功 userId=1, cycleId=1
26-06-15.19:43:03.447 [http-nio-8088-exec-1] INFO  AuthRepository         - 用户信息已更新 userId=1
26-06-15.19:43:03.447 [http-nio-8088-exec-1] INFO  MineController         - 更新用户信息成功 userId=1
26-06-15.19:43:03.455 [http-nio-8088-exec-2] INFO  MineController         - 查询用户信息成功 userId=1
26-06-15.19:43:17.410 [http-nio-8088-exec-3] INFO  MineController         - 查询用户生理期记录成功 userId=1, cycleId=1
26-06-15.19:43:41.165 [http-nio-8088-exec-5] INFO  MineController         - 查询用户生理期记录成功 userId=1, cycleId=1
26-06-15.19:43:47.712 [http-nio-8088-exec-6] INFO  MineController         - 查询用户生理期记录成功 userId=1, cycleId=1
26-06-15.19:44:28.801 [SpringApplicationShutdownHook] INFO  HikariDataSource       - HikariPool-1 - Shutdown initiated...
26-06-15.19:44:28.809 [SpringApplicationShutdownHook] INFO  HikariDataSource       - HikariPool-1 - Shutdown completed.
26-06-15.19:44:34.281 [main            ] INFO  Application            - Starting Application using Java 17 on jjnice with PID 444 (D:\自学\java学习\记录系统\record-me\record-me-app\target\classes started by 24209 in D:\自学\java学习\记录系统\record-me)
26-06-15.19:44:34.286 [main            ] INFO  Application            - The following 1 profile is active: "dev"
26-06-15.19:44:35.859 [main            ] INFO  Application            - Starting Application using Java 17 on jjnice with PID 32688 (D:\自学\java学习\记录系统\record-me\record-me-app\target\classes started by 24209 in D:\自学\java学习\记录系统\record-me)
26-06-15.19:44:35.864 [main            ] INFO  Application            - The following 1 profile is active: "dev"
26-06-15.19:44:36.542 [main            ] INFO  TomcatWebServer        - Tomcat initialized with port(s): 8088 (http)
26-06-15.19:44:36.555 [main            ] INFO  Http11NioProtocol      - Initializing ProtocolHandler ["http-nio-8088"]
26-06-15.19:44:36.555 [main            ] INFO  StandardService        - Starting service [Tomcat]
26-06-15.19:44:36.556 [main            ] INFO  StandardEngine         - Starting Servlet engine: [Apache Tomcat/9.0.75]
26-06-15.19:44:36.711 [main            ] INFO  [/]                    - Initializing Spring embedded WebApplicationContext
26-06-15.19:44:36.712 [main            ] INFO  ServletWebServerApplicationContext - Root WebApplicationContext: initialization completed in 2347 ms
26-06-15.19:44:37.586 [main            ] INFO  TomcatWebServer        - Tomcat initialized with port(s): 8088 (http)
26-06-15.19:44:37.599 [main            ] INFO  Http11NioProtocol      - Initializing ProtocolHandler ["http-nio-8088"]
26-06-15.19:44:37.599 [main            ] INFO  StandardService        - Starting service [Tomcat]
26-06-15.19:44:37.600 [main            ] INFO  StandardEngine         - Starting Servlet engine: [Apache Tomcat/9.0.75]
26-06-15.19:44:37.754 [main            ] INFO  [/]                    - Initializing Spring embedded WebApplicationContext
26-06-15.19:44:37.754 [main            ] INFO  ServletWebServerApplicationContext - Root WebApplicationContext: initialization completed in 1811 ms
26-06-15.19:44:38.115 [main            ] INFO  EndpointLinksResolver  - Exposing 1 endpoint(s) beneath base path '/actuator'
26-06-15.19:44:38.166 [main            ] INFO  Http11NioProtocol      - Starting ProtocolHandler ["http-nio-8088"]
26-06-15.19:44:38.202 [main            ] INFO  TomcatWebServer        - Tomcat started on port(s): 8088 (http) with context path ''
26-06-15.19:44:38.227 [main            ] INFO  Application            - Started Application in 4.813 seconds (JVM running for 6.395)
26-06-15.19:44:38.343 [RMI TCP Connection(4)-172.22.22.159] INFO  [/]                    - Initializing Spring DispatcherServlet 'dispatcherServlet'
26-06-15.19:44:38.343 [RMI TCP Connection(4)-172.22.22.159] INFO  DispatcherServlet      - Initializing Servlet 'dispatcherServlet'
26-06-15.19:44:38.345 [RMI TCP Connection(4)-172.22.22.159] INFO  DispatcherServlet      - Completed initialization in 2 ms
26-06-15.19:44:38.347 [RMI TCP Connection(5)-172.22.22.159] INFO  HikariDataSource       - HikariPool-1 - Starting...
26-06-15.19:44:38.889 [RMI TCP Connection(5)-172.22.22.159] INFO  HikariDataSource       - HikariPool-1 - Start completed.
26-06-15.19:44:39.237 [main            ] INFO  EndpointLinksResolver  - Exposing 1 endpoint(s) beneath base path '/actuator'
26-06-15.19:44:39.271 [main            ] INFO  Http11NioProtocol      - Starting ProtocolHandler ["http-nio-8088"]
26-06-15.19:44:39.275 [main            ] WARN  AnnotationConfigServletWebServerApplicationContext - Exception encountered during context initialization - cancelling refresh attempt: org.springframework.context.ApplicationContextException: Failed to start bean 'webServerStartStop'; nested exception is org.springframework.boot.web.server.PortInUseException: Port 8088 is already in use
26-06-15.19:44:39.282 [main            ] INFO  Http11NioProtocol      - Pausing ProtocolHandler ["http-nio-8088"]
26-06-15.19:44:39.282 [main            ] INFO  StandardService        - Stopping service [Tomcat]
26-06-15.19:44:39.287 [main            ] INFO  Http11NioProtocol      - Stopping ProtocolHandler ["http-nio-8088"]
26-06-15.19:44:39.289 [main            ] INFO  Http11NioProtocol      - Destroying ProtocolHandler ["http-nio-8088"]
26-06-15.19:44:39.300 [main            ] INFO  ConditionEvaluationReportLoggingListener - 

Error starting ApplicationContext. To display the conditions report re-run your application with 'debug' enabled.
26-06-15.19:44:39.320 [main            ] ERROR LoggingFailureAnalysisReporter - 

***************************
APPLICATION FAILED TO START
***************************

Description:

Web server failed to start. Port 8088 was already in use.

Action:

Identify and stop the process that's listening on port 8088 or configure this application to listen on another port.

26-06-15.19:44:43.276 [SpringApplicationShutdownHook] INFO  HikariDataSource       - HikariPool-1 - Shutdown initiated...
26-06-15.19:44:43.283 [SpringApplicationShutdownHook] INFO  HikariDataSource       - HikariPool-1 - Shutdown completed.
26-06-15.19:44:58.989 [main            ] INFO  Application            - Starting Application using Java 17 on jjnice with PID 26924 (D:\自学\java学习\记录系统\record-me\record-me-app\target\classes started by 24209 in D:\自学\java学习\记录系统\record-me)
26-06-15.19:44:58.994 [main            ] INFO  Application            - The following 1 profile is active: "dev"
26-06-15.19:45:00.521 [main            ] INFO  TomcatWebServer        - Tomcat initialized with port(s): 8088 (http)
26-06-15.19:45:00.538 [main            ] INFO  Http11NioProtocol      - Initializing ProtocolHandler ["http-nio-8088"]
26-06-15.19:45:00.539 [main            ] INFO  StandardService        - Starting service [Tomcat]
26-06-15.19:45:00.540 [main            ] INFO  StandardEngine         - Starting Servlet engine: [Apache Tomcat/9.0.75]
26-06-15.19:45:00.703 [main            ] INFO  [/]                    - Initializing Spring embedded WebApplicationContext
26-06-15.19:45:00.703 [main            ] INFO  ServletWebServerApplicationContext - Root WebApplicationContext: initialization completed in 1641 ms
26-06-15.19:45:01.808 [main            ] INFO  EndpointLinksResolver  - Exposing 1 endpoint(s) beneath base path '/actuator'
26-06-15.19:45:01.838 [main            ] INFO  Http11NioProtocol      - Starting ProtocolHandler ["http-nio-8088"]
26-06-15.19:45:01.865 [main            ] INFO  TomcatWebServer        - Tomcat started on port(s): 8088 (http) with context path ''
26-06-15.19:45:01.880 [main            ] INFO  Application            - Started Application in 3.635 seconds (JVM running for 4.51)
26-06-15.19:45:02.323 [RMI TCP Connection(3)-172.22.22.159] INFO  [/]                    - Initializing Spring DispatcherServlet 'dispatcherServlet'
26-06-15.19:45:02.324 [RMI TCP Connection(3)-172.22.22.159] INFO  DispatcherServlet      - Initializing Servlet 'dispatcherServlet'
26-06-15.19:45:02.326 [RMI TCP Connection(3)-172.22.22.159] INFO  DispatcherServlet      - Completed initialization in 2 ms
26-06-15.19:45:02.362 [RMI TCP Connection(6)-172.22.22.159] INFO  HikariDataSource       - HikariPool-1 - Starting...
26-06-15.19:45:02.802 [RMI TCP Connection(6)-172.22.22.159] INFO  HikariDataSource       - HikariPool-1 - Start completed.
26-06-15.19:48:35.835 [http-nio-8088-exec-1] INFO  MineController         - 查询用户生理期记录成功 userId=1, cycleId=1
26-06-15.19:51:16.249 [http-nio-8088-exec-5] INFO  MineController         - 查询用户生理期记录成功 userId=1, cycleId=1
26-06-15.19:52:38.578 [http-nio-8088-exec-4] INFO  MineController         - 查询用户生理期记录成功 userId=1, cycleId=1
26-06-15.19:52:56.756 [http-nio-8088-exec-9] INFO  MineController         - 查询用户生理期记录成功 userId=1, cycleId=1
26-06-15.19:52:56.821 [SpringApplicationShutdownHook] INFO  HikariDataSource       - HikariPool-1 - Shutdown initiated...
26-06-15.19:52:56.829 [SpringApplicationShutdownHook] INFO  HikariDataSource       - HikariPool-1 - Shutdown completed.
26-06-15.19:58:34.875 [main            ] INFO  Application            - Starting Application using Java 17 on jjnice with PID 34008 (D:\自学\java学习\记录系统\record-me\record-me-app\target\classes started by 24209 in D:\自学\java学习\记录系统\record-me)
26-06-15.19:58:34.878 [main            ] INFO  Application            - The following 1 profile is active: "dev"
26-06-15.19:58:36.107 [main            ] INFO  TomcatWebServer        - Tomcat initialized with port(s): 8088 (http)
26-06-15.19:58:36.126 [main            ] INFO  Http11NioProtocol      - Initializing ProtocolHandler ["http-nio-8088"]
26-06-15.19:58:36.127 [main            ] INFO  StandardService        - Starting service [Tomcat]
26-06-15.19:58:36.127 [main            ] INFO  StandardEngine         - Starting Servlet engine: [Apache Tomcat/9.0.75]
26-06-15.19:58:36.294 [main            ] INFO  [/]                    - Initializing Spring embedded WebApplicationContext
26-06-15.19:58:36.295 [main            ] INFO  ServletWebServerApplicationContext - Root WebApplicationContext: initialization completed in 1364 ms
26-06-15.19:58:37.483 [main            ] INFO  EndpointLinksResolver  - Exposing 1 endpoint(s) beneath base path '/actuator'
26-06-15.19:58:37.514 [main            ] INFO  Http11NioProtocol      - Starting ProtocolHandler ["http-nio-8088"]
26-06-15.19:58:37.538 [main            ] INFO  TomcatWebServer        - Tomcat started on port(s): 8088 (http) with context path ''
26-06-15.19:58:37.554 [main            ] INFO  Application            - Started Application in 3.172 seconds (JVM running for 3.767)
26-06-15.19:58:38.066 [RMI TCP Connection(4)-172.22.22.159] INFO  HikariDataSource       - HikariPool-1 - Starting...
26-06-15.19:58:38.080 [RMI TCP Connection(5)-172.22.22.159] INFO  [/]                    - Initializing Spring DispatcherServlet 'dispatcherServlet'
26-06-15.19:58:38.080 [RMI TCP Connection(5)-172.22.22.159] INFO  DispatcherServlet      - Initializing Servlet 'dispatcherServlet'
26-06-15.19:58:38.082 [RMI TCP Connection(5)-172.22.22.159] INFO  DispatcherServlet      - Completed initialization in 2 ms
26-06-15.19:58:38.459 [RMI TCP Connection(4)-172.22.22.159] INFO  HikariDataSource       - HikariPool-1 - Start completed.
26-06-15.19:58:39.022 [http-nio-8088-exec-1] INFO  MineController         - 查询用户生理期记录成功 userId=1, count=2, 实际返回2条
26-06-15.19:58:50.266 [http-nio-8088-exec-2] INFO  MineController         - 查询用户生理期记录成功 userId=1, count=1, 实际返回1条
26-06-15.19:58:53.986 [http-nio-8088-exec-3] INFO  MineController         - 查询用户信息成功 userId=1
26-06-15.19:58:55.020 [http-nio-8088-exec-4] INFO  MineController         - 查询用户生理期记录成功 userId=1, count=1, 实际返回1条
26-06-15.19:59:47.092 [http-nio-8088-exec-6] INFO  MineController         - 查询用户信息成功 userId=1
26-06-15.19:59:50.009 [http-nio-8088-exec-7] INFO  MineController         - 查询用户生理期记录成功 userId=1, count=1, 实际返回1条
26-06-15.19:59:54.956 [http-nio-8088-exec-8] INFO  MineController         - 查询用户信息成功 userId=1
26-06-15.19:59:56.996 [http-nio-8088-exec-9] INFO  MineController         - 查询用户生理期记录成功 userId=1, count=1, 实际返回1条
26-06-15.20:02:54.639 [http-nio-8088-exec-1] INFO  MineController         - 查询用户生理期记录成功 userId=6, count=1, 实际返回1条
26-06-15.20:02:57.559 [http-nio-8088-exec-2] INFO  MineController         - 查询用户信息成功 userId=1
26-06-15.20:02:58.655 [http-nio-8088-exec-3] INFO  MineController         - 查询用户生理期记录成功 userId=1, count=1, 实际返回1条
26-06-15.20:02:58.665 [http-nio-8088-exec-4] INFO  MineController         - 查询用户生理期记录成功 userId=1, count=2, 实际返回2条
26-06-15.20:02:58.674 [http-nio-8088-exec-5] INFO  MineController         - 查询用户生理期记录成功 userId=1, count=3, 实际返回3条
26-06-15.20:03:00.571 [http-nio-8088-exec-6] INFO  MineController         - 查询用户生理期记录成功 userId=1, count=4, 实际返回3条
26-06-15.20:03:00.581 [http-nio-8088-exec-7] INFO  MineController         - 查询用户生理期记录成功 userId=1, count=5, 实际返回3条
26-06-15.20:03:00.591 [http-nio-8088-exec-8] INFO  MineController         - 查询用户生理期记录成功 userId=1, count=6, 实际返回3条
26-06-15.20:03:04.910 [http-nio-8088-exec-9] INFO  MineController         - 查询用户生理期记录成功 userId=1, count=7, 实际返回3条
26-06-15.20:03:04.919 [http-nio-8088-exec-10] INFO  MineController         - 查询用户生理期记录成功 userId=1, count=8, 实际返回3条
26-06-15.20:03:04.926 [http-nio-8088-exec-1] INFO  MineController         - 查询用户生理期记录成功 userId=1, count=9, 实际返回3条
26-06-15.20:03:05.271 [http-nio-8088-exec-2] INFO  MineController         - 查询用户生理期记录成功 userId=1, count=10, 实际返回3条
26-06-15.20:03:05.279 [http-nio-8088-exec-3] INFO  MineController         - 查询用户生理期记录成功 userId=1, count=11, 实际返回3条
26-06-15.20:03:05.287 [http-nio-8088-exec-4] INFO  MineController         - 查询用户生理期记录成功 userId=1, count=12, 实际返回3条
26-06-15.20:03:06.097 [http-nio-8088-exec-5] INFO  MineController         - 查询用户生理期记录成功 userId=1, count=13, 实际返回3条
26-06-15.20:03:06.105 [http-nio-8088-exec-6] INFO  MineController         - 查询用户生理期记录成功 userId=1, count=14, 实际返回3条
26-06-15.20:03:06.116 [http-nio-8088-exec-7] INFO  MineController         - 查询用户生理期记录成功 userId=1, count=15, 实际返回3条
26-06-15.20:03:06.250 [http-nio-8088-exec-8] INFO  MineController         - 查询用户生理期记录成功 userId=1, count=16, 实际返回3条
26-06-15.20:03:06.258 [http-nio-8088-exec-9] INFO  MineController         - 查询用户生理期记录成功 userId=1, count=17, 实际返回3条
26-06-15.20:03:06.267 [http-nio-8088-exec-10] INFO  MineController         - 查询用户生理期记录成功 userId=1, count=18, 实际返回3条
26-06-15.20:03:07.083 [http-nio-8088-exec-1] INFO  MineController         - 查询用户生理期记录成功 userId=1, count=19, 实际返回3条
26-06-15.20:03:07.091 [http-nio-8088-exec-2] INFO  MineController         - 查询用户生理期记录成功 userId=1, count=20, 实际返回3条
26-06-15.20:03:07.103 [http-nio-8088-exec-3] INFO  MineController         - 查询用户生理期记录成功 userId=1, count=21, 实际返回3条
26-06-15.20:03:08.298 [http-nio-8088-exec-4] INFO  MineController         - 查询用户生理期记录成功 userId=1, count=22, 实际返回3条
26-06-15.20:03:08.311 [http-nio-8088-exec-5] INFO  MineController         - 查询用户生理期记录成功 userId=1, count=23, 实际返回3条
26-06-15.20:03:08.321 [http-nio-8088-exec-6] INFO  MineController         - 查询用户生理期记录成功 userId=1, count=24, 实际返回3条
26-06-15.20:03:08.492 [http-nio-8088-exec-7] INFO  MineController         - 查询用户生理期记录成功 userId=1, count=25, 实际返回3条
26-06-15.20:03:08.501 [http-nio-8088-exec-8] INFO  MineController         - 查询用户生理期记录成功 userId=1, count=26, 实际返回3条
26-06-15.20:03:08.512 [http-nio-8088-exec-9] INFO  MineController         - 查询用户生理期记录成功 userId=1, count=27, 实际返回3条
26-06-15.20:03:09.062 [http-nio-8088-exec-10] INFO  MineController         - 查询用户生理期记录成功 userId=1, count=28, 实际返回3条
26-06-15.20:03:09.071 [http-nio-8088-exec-1] INFO  MineController         - 查询用户生理期记录成功 userId=1, count=29, 实际返回3条
26-06-15.20:03:09.079 [http-nio-8088-exec-2] INFO  MineController         - 查询用户生理期记录成功 userId=1, count=30, 实际返回3条
26-06-15.20:08:21.598 [http-nio-8088-exec-4] INFO  MineController         - 查询用户信息成功 userId=1
26-06-15.20:08:22.554 [http-nio-8088-exec-5] INFO  MineController         - 查询用户生理期记录成功 userId=1, count=1, 实际返回1条
26-06-15.20:08:22.563 [http-nio-8088-exec-6] INFO  MineController         - 查询用户生理期记录成功 userId=1, count=2, 实际返回2条
26-06-15.20:08:22.573 [http-nio-8088-exec-7] INFO  MineController         - 查询用户生理期记录成功 userId=1, count=3, 实际返回3条
26-06-15.20:08:24.880 [http-nio-8088-exec-8] INFO  MineController         - 查询用户生理期记录成功 userId=1, count=4, 实际返回3条
26-06-15.20:08:24.890 [http-nio-8088-exec-9] INFO  MineController         - 查询用户生理期记录成功 userId=1, count=5, 实际返回3条
26-06-15.20:08:24.905 [http-nio-8088-exec-10] INFO  MineController         - 查询用户生理期记录成功 userId=1, count=6, 实际返回3条
26-06-15.20:08:25.264 [http-nio-8088-exec-1] INFO  MineController         - 查询用户生理期记录成功 userId=1, count=7, 实际返回3条
26-06-15.20:08:25.273 [http-nio-8088-exec-2] INFO  MineController         - 查询用户生理期记录成功 userId=1, count=8, 实际返回3条
26-06-15.20:08:25.282 [http-nio-8088-exec-3] INFO  MineController         - 查询用户生理期记录成功 userId=1, count=9, 实际返回3条
26-06-15.20:08:25.549 [http-nio-8088-exec-4] INFO  MineController         - 查询用户生理期记录成功 userId=1, count=10, 实际返回3条
26-06-15.20:08:25.558 [http-nio-8088-exec-5] INFO  MineController         - 查询用户生理期记录成功 userId=1, count=11, 实际返回3条
26-06-15.20:08:25.567 [http-nio-8088-exec-6] INFO  MineController         - 查询用户生理期记录成功 userId=1, count=12, 实际返回3条
26-06-15.20:08:25.756 [http-nio-8088-exec-7] INFO  MineController         - 查询用户生理期记录成功 userId=1, count=13, 实际返回3条
26-06-15.20:08:25.765 [http-nio-8088-exec-8] INFO  MineController         - 查询用户生理期记录成功 userId=1, count=14, 实际返回3条
26-06-15.20:08:25.774 [http-nio-8088-exec-9] INFO  MineController         - 查询用户生理期记录成功 userId=1, count=15, 实际返回3条
26-06-15.20:08:26.326 [http-nio-8088-exec-10] INFO  MineController         - 查询用户生理期记录成功 userId=1, count=16, 实际返回3条
26-06-15.20:08:26.335 [http-nio-8088-exec-1] INFO  MineController         - 查询用户生理期记录成功 userId=1, count=17, 实际返回3条
26-06-15.20:08:26.343 [http-nio-8088-exec-2] INFO  MineController         - 查询用户生理期记录成功 userId=1, count=18, 实际返回3条
26-06-15.20:08:26.631 [http-nio-8088-exec-3] INFO  MineController         - 查询用户生理期记录成功 userId=1, count=19, 实际返回3条
26-06-15.20:08:26.640 [http-nio-8088-exec-4] INFO  MineController         - 查询用户生理期记录成功 userId=1, count=20, 实际返回3条
26-06-15.20:08:26.648 [http-nio-8088-exec-5] INFO  MineController         - 查询用户生理期记录成功 userId=1, count=21, 实际返回3条
26-06-15.20:08:26.848 [http-nio-8088-exec-6] INFO  MineController         - 查询用户生理期记录成功 userId=1, count=22, 实际返回3条
26-06-15.20:08:26.859 [http-nio-8088-exec-7] INFO  MineController         - 查询用户生理期记录成功 userId=1, count=23, 实际返回3条
26-06-15.20:08:26.868 [http-nio-8088-exec-8] INFO  MineController         - 查询用户生理期记录成功 userId=1, count=24, 实际返回3条
26-06-15.20:08:27.243 [http-nio-8088-exec-9] INFO  MineController         - 查询用户生理期记录成功 userId=1, count=25, 实际返回3条
26-06-15.20:08:27.252 [http-nio-8088-exec-10] INFO  MineController         - 查询用户生理期记录成功 userId=1, count=26, 实际返回3条
26-06-15.20:08:27.260 [http-nio-8088-exec-1] INFO  MineController         - 查询用户生理期记录成功 userId=1, count=27, 实际返回3条
26-06-15.20:08:27.536 [http-nio-8088-exec-2] INFO  MineController         - 查询用户生理期记录成功 userId=1, count=28, 实际返回3条
26-06-15.20:08:27.544 [http-nio-8088-exec-3] INFO  MineController         - 查询用户生理期记录成功 userId=1, count=29, 实际返回3条
26-06-15.20:08:27.552 [http-nio-8088-exec-4] INFO  MineController         - 查询用户生理期记录成功 userId=1, count=30, 实际返回3条
26-06-15.20:09:52.103 [http-nio-8088-exec-6] INFO  MineController         - 查询用户生理期记录成功 userId=1, count=1, 实际返回1条
26-06-15.20:09:58.773 [http-nio-8088-exec-8] INFO  MineController         - 查询用户信息成功 userId=1
26-06-15.20:10:00.141 [http-nio-8088-exec-9] INFO  MineController         - 查询用户生理期记录成功 userId=1, count=1, 实际返回1条
26-06-15.20:10:00.150 [http-nio-8088-exec-10] INFO  MineController         - 查询用户生理期记录成功 userId=1, count=2, 实际返回2条
26-06-15.20:10:00.157 [http-nio-8088-exec-1] INFO  MineController         - 查询用户生理期记录成功 userId=1, count=3, 实际返回3条
26-06-15.20:10:02.412 [http-nio-8088-exec-3] INFO  MineController         - 查询用户生理期记录成功 userId=1, count=4, 实际返回3条
26-06-15.20:10:02.421 [http-nio-8088-exec-4] INFO  MineController         - 查询用户生理期记录成功 userId=1, count=5, 实际返回3条
26-06-15.20:10:02.429 [http-nio-8088-exec-5] INFO  MineController         - 查询用户生理期记录成功 userId=1, count=6, 实际返回3条
26-06-15.20:10:02.956 [http-nio-8088-exec-6] INFO  MineController         - 查询用户生理期记录成功 userId=1, count=7, 实际返回3条
26-06-15.20:10:02.964 [http-nio-8088-exec-7] INFO  MineController         - 查询用户生理期记录成功 userId=1, count=8, 实际返回3条
26-06-15.20:10:02.972 [http-nio-8088-exec-8] INFO  MineController         - 查询用户生理期记录成功 userId=1, count=9, 实际返回3条
26-06-15.20:10:03.157 [http-nio-8088-exec-9] INFO  MineController         - 查询用户生理期记录成功 userId=1, count=10, 实际返回3条
26-06-15.20:10:03.166 [http-nio-8088-exec-10] INFO  MineController         - 查询用户生理期记录成功 userId=1, count=11, 实际返回3条
26-06-15.20:10:03.175 [http-nio-8088-exec-1] INFO  MineController         - 查询用户生理期记录成功 userId=1, count=12, 实际返回3条
26-06-15.20:10:06.455 [http-nio-8088-exec-2] INFO  MineController         - 查询用户生理期记录成功 userId=1, count=1, 实际返回1条
26-06-15.20:10:16.552 [http-nio-8088-exec-4] INFO  DataShowController     - 查询周期列表成功 userId=1, count=3
26-06-15.20:10:17.914 [http-nio-8088-exec-6] INFO  RecordIndexController  - 查询首页信息成功 userId=1
26-06-15.20:10:19.455 [http-nio-8088-exec-7] INFO  MineController         - 查询用户信息成功 userId=1
26-06-15.20:10:20.931 [http-nio-8088-exec-8] INFO  DataShowController     - 查询周期列表成功 userId=1, count=3
26-06-15.20:10:24.257 [http-nio-8088-exec-9] INFO  MineController         - 查询用户信息成功 userId=1
26-06-15.20:10:25.474 [http-nio-8088-exec-10] INFO  DataShowController     - 查询周期列表成功 userId=1, count=3
26-06-15.20:10:26.630 [http-nio-8088-exec-1] INFO  RecordIndexController  - 查询首页信息成功 userId=1
26-06-15.20:10:28.332 [http-nio-8088-exec-2] INFO  MineController         - 查询用户信息成功 userId=1
26-06-15.20:29:27.352 [http-nio-8088-exec-4] INFO  MineController         - 查询用户生理期记录成功 userId=1, count=2, 实际返回2条
26-06-15.20:29:35.139 [http-nio-8088-exec-5] INFO  MineController         - 查询用户生理期记录成功 userId=1, count=2, 实际返回2条
26-06-15.20:29:53.955 [SpringApplicationShutdownHook] INFO  HikariDataSource       - HikariPool-1 - Shutdown initiated...
26-06-15.20:29:53.959 [SpringApplicationShutdownHook] INFO  HikariDataSource       - HikariPool-1 - Shutdown completed.
26-06-15.20:30:02.984 [main            ] INFO  Application            - Starting Application using Java 17 on jjnice with PID 33404 (D:\自学\java学习\记录系统\record-me\record-me-app\target\classes started by 24209 in D:\自学\java学习\记录系统\record-me)
26-06-15.20:30:02.987 [main            ] INFO  Application            - The following 1 profile is active: "dev"
26-06-15.20:30:04.341 [main            ] INFO  TomcatWebServer        - Tomcat initialized with port(s): 8088 (http)
26-06-15.20:30:04.353 [main            ] INFO  Http11NioProtocol      - Initializing ProtocolHandler ["http-nio-8088"]
26-06-15.20:30:04.354 [main            ] INFO  StandardService        - Starting service [Tomcat]
26-06-15.20:30:04.354 [main            ] INFO  StandardEngine         - Starting Servlet engine: [Apache Tomcat/9.0.75]
26-06-15.20:30:04.482 [main            ] INFO  [/]                    - Initializing Spring embedded WebApplicationContext
26-06-15.20:30:04.482 [main            ] INFO  ServletWebServerApplicationContext - Root WebApplicationContext: initialization completed in 1447 ms
26-06-15.20:30:05.530 [main            ] INFO  EndpointLinksResolver  - Exposing 1 endpoint(s) beneath base path '/actuator'
26-06-15.20:30:05.555 [main            ] INFO  Http11NioProtocol      - Starting ProtocolHandler ["http-nio-8088"]
26-06-15.20:30:05.575 [main            ] INFO  TomcatWebServer        - Tomcat started on port(s): 8088 (http) with context path ''
26-06-15.20:30:05.592 [main            ] INFO  Application            - Started Application in 3.179 seconds (JVM running for 3.811)
26-06-15.20:30:06.065 [RMI TCP Connection(1)-172.22.22.159] INFO  [/]                    - Initializing Spring DispatcherServlet 'dispatcherServlet'
26-06-15.20:30:06.065 [RMI TCP Connection(1)-172.22.22.159] INFO  DispatcherServlet      - Initializing Servlet 'dispatcherServlet'
26-06-15.20:30:06.067 [RMI TCP Connection(1)-172.22.22.159] INFO  DispatcherServlet      - Completed initialization in 2 ms
26-06-15.20:30:06.067 [RMI TCP Connection(2)-172.22.22.159] INFO  HikariDataSource       - HikariPool-1 - Starting...
26-06-15.20:30:06.457 [RMI TCP Connection(2)-172.22.22.159] INFO  HikariDataSource       - HikariPool-1 - Start completed.
26-06-15.20:30:07.015 [http-nio-8088-exec-1] INFO  MineController         - 查询用户生理期记录成功 userId=1, 总记录数=3, 返回2条
26-06-15.20:34:16.686 [http-nio-8088-exec-4] INFO  DataShowController     - 查询周期列表成功 userId=1, count=3
26-06-15.20:34:19.439 [http-nio-8088-exec-5] INFO  DataShowController     - 查询周期列表成功 userId=1, count=3
26-06-15.20:34:21.427 [http-nio-8088-exec-3] INFO  DataShowController     - 查询周期列表成功 userId=1, count=3
26-06-15.20:34:22.762 [http-nio-8088-exec-6] INFO  DataShowController     - 查询周期列表成功 userId=1, count=3
26-06-15.20:34:23.811 [http-nio-8088-exec-7] INFO  DataShowController     - 查询周期列表成功 userId=1, count=3
26-06-15.20:34:32.081 [http-nio-8088-exec-8] INFO  MineController         - 查询用户信息成功 userId=1
26-06-15.20:34:49.882 [http-nio-8088-exec-9] INFO  DataShowController     - 查询周期列表成功 userId=1, count=3
26-06-15.20:37:20.566 [http-nio-8088-exec-1] INFO  MineController         - 查询用户信息成功 userId=1
26-06-15.20:37:22.214 [http-nio-8088-exec-2] INFO  MineController         - 查询用户生理期记录成功 userId=1, 总记录数=3, 返回1条
26-06-15.20:37:29.791 [http-nio-8088-exec-4] INFO  DataShowController     - 查询周期列表成功 userId=1, count=3
26-06-15.20:37:31.248 [http-nio-8088-exec-5] INFO  RecordIndexController  - 查询首页信息成功 userId=1
26-06-15.20:37:32.798 [http-nio-8088-exec-3] INFO  MineController         - 查询用户信息成功 userId=1
26-06-15.20:37:39.394 [http-nio-8088-exec-6] INFO  MineController         - 查询用户生理期记录成功 userId=1, 总记录数=3, 返回1条
26-06-15.20:42:52.228 [http-nio-8088-exec-9] INFO  MineController         - 查询用户信息成功 userId=1
26-06-15.20:42:53.854 [http-nio-8088-exec-1] INFO  MineController         - 查询用户生理期记录成功 userId=1, 总记录数=3, 返回1条
26-06-15.20:43:14.682 [http-nio-8088-exec-2] INFO  MineController         - 查询用户信息成功 userId=1
26-06-15.20:43:15.905 [http-nio-8088-exec-4] INFO  MineController         - 查询用户生理期记录成功 userId=1, 总记录数=3, 返回1条
26-06-15.20:44:03.533 [http-nio-8088-exec-5] INFO  MineController         - 查询用户生理期记录成功 userId=1, 总记录数=3, 返回1条
26-06-15.20:44:38.995 [http-nio-8088-exec-3] INFO  MineController         - 查询用户生理期记录成功 userId=1, 总记录数=3, 返回1条
26-06-15.20:44:42.913 [SpringApplicationShutdownHook] INFO  HikariDataSource       - HikariPool-1 - Shutdown initiated...
26-06-15.20:44:42.924 [SpringApplicationShutdownHook] INFO  HikariDataSource       - HikariPool-1 - Shutdown completed.
26-06-15.20:44:51.067 [main            ] INFO  Application            - Starting Application using Java 17 on jjnice with PID 16688 (D:\自学\java学习\记录系统\record-me\record-me-app\target\classes started by 24209 in D:\自学\java学习\记录系统\record-me)
26-06-15.20:44:51.072 [main            ] INFO  Application            - The following 1 profile is active: "dev"
26-06-15.20:44:52.791 [main            ] INFO  TomcatWebServer        - Tomcat initialized with port(s): 8088 (http)
26-06-15.20:44:52.807 [main            ] INFO  Http11NioProtocol      - Initializing ProtocolHandler ["http-nio-8088"]
26-06-15.20:44:52.807 [main            ] INFO  StandardService        - Starting service [Tomcat]
26-06-15.20:44:52.807 [main            ] INFO  StandardEngine         - Starting Servlet engine: [Apache Tomcat/9.0.75]
26-06-15.20:44:52.965 [main            ] INFO  [/]                    - Initializing Spring embedded WebApplicationContext
26-06-15.20:44:52.965 [main            ] INFO  ServletWebServerApplicationContext - Root WebApplicationContext: initialization completed in 1816 ms
26-06-15.20:44:54.219 [main            ] INFO  EndpointLinksResolver  - Exposing 1 endpoint(s) beneath base path '/actuator'
26-06-15.20:44:54.252 [main            ] INFO  Http11NioProtocol      - Starting ProtocolHandler ["http-nio-8088"]
26-06-15.20:44:54.279 [main            ] INFO  TomcatWebServer        - Tomcat started on port(s): 8088 (http) with context path ''
26-06-15.20:44:54.297 [main            ] INFO  Application            - Started Application in 4.032 seconds (JVM running for 5.207)
26-06-15.20:44:54.526 [RMI TCP Connection(3)-172.22.22.159] INFO  HikariDataSource       - HikariPool-1 - Starting...
26-06-15.20:44:54.545 [RMI TCP Connection(4)-172.22.22.159] INFO  [/]                    - Initializing Spring DispatcherServlet 'dispatcherServlet'
26-06-15.20:44:54.545 [RMI TCP Connection(4)-172.22.22.159] INFO  DispatcherServlet      - Initializing Servlet 'dispatcherServlet'
26-06-15.20:44:54.547 [RMI TCP Connection(4)-172.22.22.159] INFO  DispatcherServlet      - Completed initialization in 2 ms
26-06-15.20:44:54.978 [RMI TCP Connection(3)-172.22.22.159] INFO  HikariDataSource       - HikariPool-1 - Start completed.
26-06-15.20:45:22.400 [http-nio-8088-exec-1] INFO  MineController         - 查询用户生理期记录成功 userId=1, 总记录数=3, 返回1条
26-06-15.20:50:48.691 [http-nio-8088-exec-3] INFO  MineController         - 查询用户生理期记录成功 userId=1, 总记录数=3, 返回1条
26-06-15.20:50:48.763 [SpringApplicationShutdownHook] INFO  HikariDataSource       - HikariPool-1 - Shutdown initiated...
26-06-15.20:50:48.771 [SpringApplicationShutdownHook] INFO  HikariDataSource       - HikariPool-1 - Shutdown completed.
26-06-15.20:50:52.110 [main            ] INFO  Application            - Starting Application using Java 17 on jjnice with PID 33640 (D:\自学\java学习\记录系统\record-me\record-me-app\target\classes started by 24209 in D:\自学\java学习\记录系统\record-me)
26-06-15.20:50:52.113 [main            ] INFO  Application            - The following 1 profile is active: "dev"
26-06-15.20:50:53.478 [main            ] INFO  TomcatWebServer        - Tomcat initialized with port(s): 8088 (http)
26-06-15.20:50:53.489 [main            ] INFO  Http11NioProtocol      - Initializing ProtocolHandler ["http-nio-8088"]
26-06-15.20:50:53.489 [main            ] INFO  StandardService        - Starting service [Tomcat]
26-06-15.20:50:53.489 [main            ] INFO  StandardEngine         - Starting Servlet engine: [Apache Tomcat/9.0.75]
26-06-15.20:50:53.619 [main            ] INFO  [/]                    - Initializing Spring embedded WebApplicationContext
26-06-15.20:50:53.619 [main            ] INFO  ServletWebServerApplicationContext - Root WebApplicationContext: initialization completed in 1462 ms
26-06-15.20:50:54.653 [main            ] INFO  EndpointLinksResolver  - Exposing 1 endpoint(s) beneath base path '/actuator'
26-06-15.20:50:54.679 [main            ] INFO  Http11NioProtocol      - Starting ProtocolHandler ["http-nio-8088"]
26-06-15.20:50:54.699 [main            ] INFO  TomcatWebServer        - Tomcat started on port(s): 8088 (http) with context path ''
26-06-15.20:50:54.714 [main            ] INFO  Application            - Started Application in 3.128 seconds (JVM running for 3.872)
26-06-15.20:50:55.094 [RMI TCP Connection(3)-172.22.22.159] INFO  HikariDataSource       - HikariPool-1 - Starting...
26-06-15.20:50:55.131 [RMI TCP Connection(5)-172.22.22.159] INFO  [/]                    - Initializing Spring DispatcherServlet 'dispatcherServlet'
26-06-15.20:50:55.131 [RMI TCP Connection(5)-172.22.22.159] INFO  DispatcherServlet      - Initializing Servlet 'dispatcherServlet'
26-06-15.20:50:55.133 [RMI TCP Connection(5)-172.22.22.159] INFO  DispatcherServlet      - Completed initialization in 2 ms
26-06-15.20:50:55.439 [RMI TCP Connection(3)-172.22.22.159] INFO  HikariDataSource       - HikariPool-1 - Start completed.
26-06-15.20:50:58.022 [http-nio-8088-exec-1] INFO  MineController         - 查询用户生理期记录成功 userId=1, 总记录数=3, 返回1条
26-06-15.20:51:04.998 [http-nio-8088-exec-2] INFO  MineController         - 查询用户生理期记录成功 userId=1, 总记录数=3, 返回1条
26-06-15.20:51:07.699 [http-nio-8088-exec-4] INFO  MineController         - 查询用户生理期记录成功 userId=1, 总记录数=3, 返回1条
26-06-15.20:51:14.994 [http-nio-8088-exec-5] INFO  DataShowController     - 查询周期列表成功 userId=1, count=3
26-06-15.20:51:18.646 [http-nio-8088-exec-6] INFO  MineController         - 查询用户信息成功 userId=1
26-06-15.20:51:21.687 [http-nio-8088-exec-7] INFO  MineController         - 查询用户生理期记录成功 userId=1, 总记录数=3, 返回1条
26-06-15.20:51:29.302 [http-nio-8088-exec-8] INFO  MineController         - 查询用户生理期记录成功 userId=1, 总记录数=3, 返回1条
26-06-15.20:55:57.844 [http-nio-8088-exec-10] INFO  MineController         - 查询用户信息成功 userId=1
26-06-15.20:55:59.013 [http-nio-8088-exec-1] INFO  MineController         - 查询用户生理期记录成功 userId=1, 总记录数=3, 返回2条
26-06-15.20:56:00.054 [http-nio-8088-exec-2] INFO  MineController         - 查询用户生理期记录成功 userId=1, 总记录数=3, 返回3条
26-06-15.20:56:05.595 [http-nio-8088-exec-4] INFO  MineController         - 查询用户生理期记录成功 userId=1, 总记录数=3, 返回2条
26-06-15.20:56:07.514 [http-nio-8088-exec-3] INFO  MineController         - 查询用户生理期记录成功 userId=1, 总记录数=3, 返回3条
26-06-15.20:56:14.601 [http-nio-8088-exec-5] INFO  MineController         - 查询用户生理期记录成功 userId=1, 总记录数=3, 返回2条
26-06-15.20:56:16.200 [http-nio-8088-exec-6] INFO  MineController         - 查询用户生理期记录成功 userId=1, 总记录数=3, 返回3条
26-06-15.21:13:24.554 [SpringApplicationShutdownHook] INFO  HikariDataSource       - HikariPool-1 - Shutdown initiated...
26-06-15.21:13:24.665 [SpringApplicationShutdownHook] INFO  HikariDataSource       - HikariPool-1 - Shutdown completed.
26-06-15.21:13:37.620 [main            ] INFO  Application            - Starting Application using Java 17 on jjnice with PID 35440 (D:\自学\java学习\记录系统\record-me\record-me-app\target\classes started by 24209 in D:\自学\java学习\记录系统\record-me)
26-06-15.21:13:37.624 [main            ] INFO  Application            - The following 1 profile is active: "dev"
26-06-15.21:13:39.119 [main            ] INFO  TomcatWebServer        - Tomcat initialized with port(s): 8088 (http)
26-06-15.21:13:39.129 [main            ] INFO  Http11NioProtocol      - Initializing ProtocolHandler ["http-nio-8088"]
26-06-15.21:13:39.130 [main            ] INFO  StandardService        - Starting service [Tomcat]
26-06-15.21:13:39.130 [main            ] INFO  StandardEngine         - Starting Servlet engine: [Apache Tomcat/9.0.75]
26-06-15.21:13:39.255 [main            ] INFO  [/]                    - Initializing Spring embedded WebApplicationContext
26-06-15.21:13:39.255 [main            ] INFO  ServletWebServerApplicationContext - Root WebApplicationContext: initialization completed in 1581 ms
26-06-15.21:13:40.421 [main            ] INFO  EndpointLinksResolver  - Exposing 1 endpoint(s) beneath base path '/actuator'
26-06-15.21:13:40.451 [main            ] INFO  Http11NioProtocol      - Starting ProtocolHandler ["http-nio-8088"]
26-06-15.21:13:40.475 [main            ] INFO  TomcatWebServer        - Tomcat started on port(s): 8088 (http) with context path ''
26-06-15.21:13:40.490 [main            ] INFO  Application            - Started Application in 3.504 seconds (JVM running for 4.478)
26-06-15.21:13:40.687 [RMI TCP Connection(1)-172.22.22.159] INFO  [/]                    - Initializing Spring DispatcherServlet 'dispatcherServlet'
26-06-15.21:13:40.687 [RMI TCP Connection(1)-172.22.22.159] INFO  DispatcherServlet      - Initializing Servlet 'dispatcherServlet'
26-06-15.21:13:40.688 [RMI TCP Connection(1)-172.22.22.159] INFO  DispatcherServlet      - Completed initialization in 1 ms
26-06-15.21:13:40.689 [RMI TCP Connection(3)-172.22.22.159] INFO  HikariDataSource       - HikariPool-1 - Starting...
26-06-15.21:13:41.147 [RMI TCP Connection(3)-172.22.22.159] INFO  HikariDataSource       - HikariPool-1 - Start completed.
26-06-15.21:14:04.308 [SpringApplicationShutdownHook] INFO  HikariDataSource       - HikariPool-1 - Shutdown initiated...
26-06-15.21:14:04.316 [SpringApplicationShutdownHook] INFO  HikariDataSource       - HikariPool-1 - Shutdown completed.
26-06-15.21:14:08.732 [main            ] INFO  Application            - Starting Application using Java 17 on jjnice with PID 34764 (D:\自学\java学习\记录系统\record-me\record-me-app\target\classes started by 24209 in D:\自学\java学习\记录系统\record-me)
26-06-15.21:14:08.737 [main            ] INFO  Application            - The following 1 profile is active: "dev"
26-06-15.21:14:10.328 [main            ] INFO  TomcatWebServer        - Tomcat initialized with port(s): 8088 (http)
26-06-15.21:14:10.339 [main            ] INFO  Http11NioProtocol      - Initializing ProtocolHandler ["http-nio-8088"]
26-06-15.21:14:10.339 [main            ] INFO  StandardService        - Starting service [Tomcat]
26-06-15.21:14:10.339 [main            ] INFO  StandardEngine         - Starting Servlet engine: [Apache Tomcat/9.0.75]
26-06-15.21:14:10.468 [main            ] INFO  [/]                    - Initializing Spring embedded WebApplicationContext
26-06-15.21:14:10.469 [main            ] INFO  ServletWebServerApplicationContext - Root WebApplicationContext: initialization completed in 1678 ms
26-06-15.21:14:11.533 [main            ] INFO  EndpointLinksResolver  - Exposing 1 endpoint(s) beneath base path '/actuator'
26-06-15.21:14:11.572 [main            ] INFO  Http11NioProtocol      - Starting ProtocolHandler ["http-nio-8088"]
26-06-15.21:14:11.596 [main            ] INFO  TomcatWebServer        - Tomcat started on port(s): 8088 (http) with context path ''
26-06-15.21:14:11.612 [main            ] INFO  Application            - Started Application in 3.62 seconds (JVM running for 4.445)
26-06-15.21:14:12.015 [RMI TCP Connection(2)-172.22.22.159] INFO  [/]                    - Initializing Spring DispatcherServlet 'dispatcherServlet'
26-06-15.21:14:12.015 [RMI TCP Connection(2)-172.22.22.159] INFO  DispatcherServlet      - Initializing Servlet 'dispatcherServlet'
26-06-15.21:14:12.016 [RMI TCP Connection(2)-172.22.22.159] INFO  DispatcherServlet      - Completed initialization in 1 ms
26-06-15.21:14:12.057 [RMI TCP Connection(4)-172.22.22.159] INFO  HikariDataSource       - HikariPool-1 - Starting...
26-06-15.21:14:12.400 [RMI TCP Connection(4)-172.22.22.159] INFO  HikariDataSource       - HikariPool-1 - Start completed.
26-06-15.21:14:19.202 [http-nio-8088-exec-2] INFO  MineController         - 查询用户生理期记录成功 userId=1, page=1, 总记录数=3, 返回2条
26-06-15.21:14:20.117 [http-nio-8088-exec-3] INFO  MineController         - 查询用户生理期记录成功 userId=1, page=2, 总记录数=3, 返回1条
26-06-15.21:18:15.436 [SpringApplicationShutdownHook] INFO  HikariDataSource       - HikariPool-1 - Shutdown initiated...
26-06-15.21:18:15.442 [SpringApplicationShutdownHook] INFO  HikariDataSource       - HikariPool-1 - Shutdown completed.
26-06-15.21:46:39.758 [main            ] INFO  Application            - Starting Application using Java 17 on jjnice with PID 36024 (D:\自学\java学习\记录系统\record-me\record-me-app\target\classes started by 24209 in D:\自学\java学习\记录系统\record-me)
26-06-15.21:46:39.761 [main            ] INFO  Application            - The following 1 profile is active: "dev"
26-06-15.21:46:41.179 [main            ] INFO  TomcatWebServer        - Tomcat initialized with port(s): 8088 (http)
26-06-15.21:46:41.191 [main            ] INFO  Http11NioProtocol      - Initializing ProtocolHandler ["http-nio-8088"]
26-06-15.21:46:41.191 [main            ] INFO  StandardService        - Starting service [Tomcat]
26-06-15.21:46:41.191 [main            ] INFO  StandardEngine         - Starting Servlet engine: [Apache Tomcat/9.0.75]
26-06-15.21:46:41.339 [main            ] INFO  [/]                    - Initializing Spring embedded WebApplicationContext
26-06-15.21:46:41.340 [main            ] INFO  ServletWebServerApplicationContext - Root WebApplicationContext: initialization completed in 1524 ms
26-06-15.21:46:42.460 [main            ] INFO  EndpointLinksResolver  - Exposing 1 endpoint(s) beneath base path '/actuator'
26-06-15.21:46:42.490 [main            ] INFO  Http11NioProtocol      - Starting ProtocolHandler ["http-nio-8088"]
26-06-15.21:46:42.511 [main            ] INFO  TomcatWebServer        - Tomcat started on port(s): 8088 (http) with context path ''
26-06-15.21:46:42.527 [main            ] INFO  Application            - Started Application in 3.371 seconds (JVM running for 4.187)
26-06-15.21:46:43.015 [RMI TCP Connection(1)-172.22.22.159] INFO  [/]                    - Initializing Spring DispatcherServlet 'dispatcherServlet'
26-06-15.21:46:43.016 [RMI TCP Connection(1)-172.22.22.159] INFO  DispatcherServlet      - Initializing Servlet 'dispatcherServlet'
26-06-15.21:46:43.017 [RMI TCP Connection(1)-172.22.22.159] INFO  DispatcherServlet      - Completed initialization in 1 ms
26-06-15.21:46:43.059 [RMI TCP Connection(4)-172.22.22.159] INFO  HikariDataSource       - HikariPool-1 - Starting...
26-06-15.21:46:43.520 [RMI TCP Connection(4)-172.22.22.159] INFO  HikariDataSource       - HikariPool-1 - Start completed.
26-06-15.21:46:57.918 [http-nio-8088-exec-2] INFO  DataShowController     - 查询周期列表成功 userId=1, count=3
26-06-15.21:47:00.156 [http-nio-8088-exec-3] INFO  MineController         - 查询用户信息成功 userId=1
26-06-15.21:47:03.730 [http-nio-8088-exec-6] INFO  MineController         - 查询用户生理期记录成功 userId=1, page=1, 总记录数=3, 返回2条
26-06-15.21:47:04.829 [http-nio-8088-exec-7] INFO  MineController         - 查询用户生理期记录成功 userId=1, page=2, 总记录数=3, 返回1条
26-06-15.21:47:12.899 [http-nio-8088-exec-8] INFO  DataShowController     - 查询周期列表成功 userId=1, count=3
26-06-15.21:47:15.576 [http-nio-8088-exec-10] INFO  RecordIndexController  - 查询首页信息成功 userId=1
26-06-15.21:49:48.134 [http-nio-8088-exec-2] INFO  MineController         - 查询用户信息成功 userId=1
26-06-15.21:49:56.094 [http-nio-8088-exec-4] INFO  DataShowController     - 查询周期列表成功 userId=1, count=3
26-06-15.21:50:01.529 [http-nio-8088-exec-3] INFO  RecordIndexController  - 查询首页信息成功 userId=1
26-06-15.21:53:30.540 [http-nio-8088-exec-6] INFO  DataShowController     - 查询周期列表成功 userId=1, count=3
26-06-15.21:53:36.290 [http-nio-8088-exec-7] INFO  MineController         - 查询用户信息成功 userId=1
26-06-15.21:53:47.869 [http-nio-8088-exec-8] INFO  DataShowController     - 查询周期列表成功 userId=1, count=3
26-06-15.22:03:05.294 [http-nio-8088-exec-10] INFO  RecordIndexController  - 查询首页信息成功 userId=1
26-06-15.22:03:08.341 [http-nio-8088-exec-1] INFO  DataShowController     - 查询周期列表成功 userId=1, count=3
26-06-15.22:03:10.217 [http-nio-8088-exec-2] INFO  MineController         - 查询用户信息成功 userId=1
26-06-15.22:03:19.382 [http-nio-8088-exec-4] INFO  DataShowController     - 查询周期列表成功 userId=1, count=3
26-06-15.22:03:22.551 [http-nio-8088-exec-3] INFO  RecordIndexController  - 查询首页信息成功 userId=1
26-06-15.22:04:16.073 [http-nio-8088-exec-5] INFO  DataShowController     - 查询周期列表成功 userId=1, count=3
26-06-15.22:04:17.595 [http-nio-8088-exec-6] INFO  MineController         - 查询用户信息成功 userId=1
26-06-15.22:04:20.531 [http-nio-8088-exec-7] INFO  DataShowController     - 查询周期列表成功 userId=1, count=3
26-06-15.22:04:21.790 [http-nio-8088-exec-8] INFO  RecordIndexController  - 查询首页信息成功 userId=1
26-06-15.22:04:25.781 [http-nio-8088-exec-9] INFO  MineController         - 查询用户信息成功 userId=1
26-06-15.22:04:37.566 [http-nio-8088-exec-1] INFO  AuthRepository         - 用户信息已更新 userId=1
26-06-15.22:04:37.566 [http-nio-8088-exec-1] INFO  MineController         - 更新用户信息成功 userId=1
26-06-15.22:04:37.584 [http-nio-8088-exec-2] INFO  MineController         - 查询用户信息成功 userId=1
26-06-15.22:04:40.431 [http-nio-8088-exec-4] INFO  DataShowController     - 查询周期列表成功 userId=1, count=3
26-06-15.22:04:41.720 [http-nio-8088-exec-3] INFO  RecordIndexController  - 查询首页信息成功 userId=1
26-06-15.22:05:20.674 [http-nio-8088-exec-5] INFO  RecordIndexController  - 查询首页信息成功 userId=1
26-06-15.22:05:22.181 [http-nio-8088-exec-6] INFO  RecordIndexController  - 查询首页信息成功 userId=1
26-06-15.22:05:32.416 [http-nio-8088-exec-8] ERROR RecordIndexController  - 查询今日症状异常 userId=1, cycleId=7
org.mybatis.spring.MyBatisSystemException: nested exception is org.apache.ibatis.binding.BindingException: Parameter 'cycleId' not found. Available parameters are [arg1, arg0, param1, param2]
	at org.mybatis.spring.MyBatisExceptionTranslator.translateExceptionIfPossible(MyBatisExceptionTranslator.java:96)
	at org.mybatis.spring.SqlSessionTemplate$SqlSessionInterceptor.invoke(SqlSessionTemplate.java:441)
	at jdk.proxy2/jdk.proxy2.$Proxy85.selectOne(Unknown Source)
	at org.mybatis.spring.SqlSessionTemplate.selectOne(SqlSessionTemplate.java:160)
	at org.apache.ibatis.binding.MapperMethod.execute(MapperMethod.java:87)
	at org.apache.ibatis.binding.MapperProxy$PlainMethodInvoker.invoke(MapperProxy.java:152)
	at org.apache.ibatis.binding.MapperProxy.invoke(MapperProxy.java:85)
	at jdk.proxy2/jdk.proxy2.$Proxy89.selectByCycleIdAndDate(Unknown Source)
	at top.daoha.infrastructure.adapter.repository.HealthTrackRepository.getTodaySymptom(HealthTrackRepository.java:22)
	at top.daoha.infrastructure.adapter.repository.HealthTrackRepository$$FastClassBySpringCGLIB$$b2862023.invoke(<generated>)
	at org.springframework.cglib.proxy.MethodProxy.invoke(MethodProxy.java:218)
	at org.springframework.aop.framework.CglibAopProxy$CglibMethodInvocation.invokeJoinpoint(CglibAopProxy.java:793)
	at org.springframework.aop.framework.ReflectiveMethodInvocation.proceed(ReflectiveMethodInvocation.java:163)
	at org.springframework.aop.framework.CglibAopProxy$CglibMethodInvocation.proceed(CglibAopProxy.java:763)
	at org.springframework.dao.support.PersistenceExceptionTranslationInterceptor.invoke(PersistenceExceptionTranslationInterceptor.java:137)
	at org.springframework.aop.framework.ReflectiveMethodInvocation.proceed(ReflectiveMethodInvocation.java:186)
	at org.springframework.aop.framework.CglibAopProxy$CglibMethodInvocation.proceed(CglibAopProxy.java:763)
	at org.springframework.aop.framework.CglibAopProxy$DynamicAdvisedInterceptor.intercept(CglibAopProxy.java:708)
	at top.daoha.infrastructure.adapter.repository.HealthTrackRepository$$EnhancerBySpringCGLIB$$d1cd6dfb.getTodaySymptom(<generated>)
	at top.daoha.domain.health.service.HealthTrackService.getTodaySymptom(HealthTrackService.java:17)
	at top.daoha.trigger.http.RecordIndexController.getSymptom(RecordIndexController.java:207)
	at java.base/jdk.internal.reflect.NativeMethodAccessorImpl.invoke0(Native Method)
	at java.base/jdk.internal.reflect.NativeMethodAccessorImpl.invoke(NativeMethodAccessorImpl.java:77)
	at java.base/jdk.internal.reflect.DelegatingMethodAccessorImpl.invoke(DelegatingMethodAccessorImpl.java:43)
	at java.base/java.lang.reflect.Method.invoke(Method.java:568)
	at org.springframework.web.method.support.InvocableHandlerMethod.doInvoke(InvocableHandlerMethod.java:205)
	at org.springframework.web.method.support.InvocableHandlerMethod.invokeForRequest(InvocableHandlerMethod.java:150)
	at org.springframework.web.servlet.mvc.method.annotation.ServletInvocableHandlerMethod.invokeAndHandle(ServletInvocableHandlerMethod.java:117)
	at org.springframework.web.servlet.mvc.method.annotation.RequestMappingHandlerAdapter.invokeHandlerMethod(RequestMappingHandlerAdapter.java:895)
	at org.springframework.web.servlet.mvc.method.annotation.RequestMappingHandlerAdapter.handleInternal(RequestMappingHandlerAdapter.java:808)
	at org.springframework.web.servlet.mvc.method.AbstractHandlerMethodAdapter.handle(AbstractHandlerMethodAdapter.java:87)
	at org.springframework.web.servlet.DispatcherServlet.doDispatch(DispatcherServlet.java:1072)
	at org.springframework.web.servlet.DispatcherServlet.doService(DispatcherServlet.java:965)
	at org.springframework.web.servlet.FrameworkServlet.processRequest(FrameworkServlet.java:1006)
	at org.springframework.web.servlet.FrameworkServlet.doPost(FrameworkServlet.java:909)
	at javax.servlet.http.HttpServlet.service(HttpServlet.java:555)
	at org.springframework.web.servlet.FrameworkServlet.service(FrameworkServlet.java:883)
	at javax.servlet.http.HttpServlet.service(HttpServlet.java:623)
	at org.apache.catalina.core.ApplicationFilterChain.internalDoFilter(ApplicationFilterChain.java:209)
	at org.apache.catalina.core.ApplicationFilterChain.doFilter(ApplicationFilterChain.java:153)
	at org.apache.tomcat.websocket.server.WsFilter.doFilter(WsFilter.java:51)
	at org.apache.catalina.core.ApplicationFilterChain.internalDoFilter(ApplicationFilterChain.java:178)
	at org.apache.catalina.core.ApplicationFilterChain.doFilter(ApplicationFilterChain.java:153)
	at org.springframework.web.filter.RequestContextFilter.doFilterInternal(RequestContextFilter.java:100)
	at org.springframework.web.filter.OncePerRequestFilter.doFilter(OncePerRequestFilter.java:117)
	at org.apache.catalina.core.ApplicationFilterChain.internalDoFilter(ApplicationFilterChain.java:178)
	at org.apache.catalina.core.ApplicationFilterChain.doFilter(ApplicationFilterChain.java:153)
	at org.springframework.web.filter.FormContentFilter.doFilterInternal(FormContentFilter.java:93)
	at org.springframework.web.filter.OncePerRequestFilter.doFilter(OncePerRequestFilter.java:117)
	at org.apache.catalina.core.ApplicationFilterChain.internalDoFilter(ApplicationFilterChain.java:178)
	at org.apache.catalina.core.ApplicationFilterChain.doFilter(ApplicationFilterChain.java:153)
	at org.springframework.boot.actuate.metrics.web.servlet.WebMvcMetricsFilter.doFilterInternal(WebMvcMetricsFilter.java:96)
	at org.springframework.web.filter.OncePerRequestFilter.doFilter(OncePerRequestFilter.java:117)
	at org.apache.catalina.core.ApplicationFilterChain.internalDoFilter(ApplicationFilterChain.java:178)
	at org.apache.catalina.core.ApplicationFilterChain.doFilter(ApplicationFilterChain.java:153)
	at org.springframework.web.filter.CharacterEncodingFilter.doFilterInternal(CharacterEncodingFilter.java:201)
	at org.springframework.web.filter.OncePerRequestFilter.doFilter(OncePerRequestFilter.java:117)
	at org.apache.catalina.core.ApplicationFilterChain.internalDoFilter(ApplicationFilterChain.java:178)
	at org.apache.catalina.core.ApplicationFilterChain.doFilter(ApplicationFilterChain.java:153)
	at org.apache.catalina.core.StandardWrapperValve.invoke(StandardWrapperValve.java:167)
	at org.apache.catalina.core.StandardContextValve.invoke(StandardContextValve.java:90)
	at org.apache.catalina.authenticator.AuthenticatorBase.invoke(AuthenticatorBase.java:481)
	at org.apache.catalina.core.StandardHostValve.invoke(StandardHostValve.java:130)
	at org.apache.catalina.valves.ErrorReportValve.invoke(ErrorReportValve.java:93)
	at org.apache.catalina.core.StandardEngineValve.invoke(StandardEngineValve.java:74)
	at org.apache.catalina.connector.CoyoteAdapter.service(CoyoteAdapter.java:343)
	at org.apache.coyote.http11.Http11Processor.service(Http11Processor.java:390)
	at org.apache.coyote.AbstractProcessorLight.process(AbstractProcessorLight.java:63)
	at org.apache.coyote.AbstractProtocol$ConnectionHandler.process(AbstractProtocol.java:926)
	at org.apache.tomcat.util.net.NioEndpoint$SocketProcessor.doRun(NioEndpoint.java:1791)
	at org.apache.tomcat.util.net.SocketProcessorBase.run(SocketProcessorBase.java:52)
	at org.apache.tomcat.util.threads.ThreadPoolExecutor.runWorker(ThreadPoolExecutor.java:1191)
	at org.apache.tomcat.util.threads.ThreadPoolExecutor$Worker.run(ThreadPoolExecutor.java:659)
	at org.apache.tomcat.util.threads.TaskThread$WrappingRunnable.run(TaskThread.java:61)
	at java.base/java.lang.Thread.run(Thread.java:833)
Caused by: org.apache.ibatis.binding.BindingException: Parameter 'cycleId' not found. Available parameters are [arg1, arg0, param1, param2]
	at org.apache.ibatis.binding.MapperMethod$ParamMap.get(MapperMethod.java:212)
	at org.apache.ibatis.reflection.wrapper.MapWrapper.get(MapWrapper.java:45)
	at org.apache.ibatis.reflection.MetaObject.getValue(MetaObject.java:122)
	at org.apache.ibatis.executor.BaseExecutor.createCacheKey(BaseExecutor.java:219)
	at org.apache.ibatis.executor.CachingExecutor.createCacheKey(CachingExecutor.java:146)
	at org.apache.ibatis.executor.CachingExecutor.query(CachingExecutor.java:88)
	at org.apache.ibatis.session.defaults.DefaultSqlSession.selectList(DefaultSqlSession.java:147)
	at org.apache.ibatis.session.defaults.DefaultSqlSession.selectList(DefaultSqlSession.java:140)
	at org.apache.ibatis.session.defaults.DefaultSqlSession.selectOne(DefaultSqlSession.java:76)
	at jdk.internal.reflect.GeneratedMethodAccessor44.invoke(Unknown Source)
	at java.base/jdk.internal.reflect.DelegatingMethodAccessorImpl.invoke(DelegatingMethodAccessorImpl.java:43)
	at java.base/java.lang.reflect.Method.invoke(Method.java:568)
	at org.mybatis.spring.SqlSessionTemplate$SqlSessionInterceptor.invoke(SqlSessionTemplate.java:427)
	... 73 common frames omitted
26-06-15.22:05:38.207 [http-nio-8088-exec-9] INFO  DataShowController     - 查询周期列表成功 userId=1, count=3
26-06-15.22:05:44.402 [http-nio-8088-exec-10] INFO  MineController         - 查询用户信息成功 userId=1
26-06-15.22:05:47.782 [http-nio-8088-exec-1] INFO  RecordIndexController  - 查询首页信息成功 userId=1
26-06-15.22:05:50.015 [http-nio-8088-exec-2] INFO  DataShowController     - 查询周期列表成功 userId=1, count=3
26-06-15.22:05:51.422 [http-nio-8088-exec-4] INFO  MineController         - 查询用户信息成功 userId=1
26-06-15.22:05:53.267 [http-nio-8088-exec-3] INFO  RecordIndexController  - 查询首页信息成功 userId=1
26-06-15.22:05:55.117 [http-nio-8088-exec-5] INFO  MineController         - 查询用户信息成功 userId=1
26-06-15.22:05:56.557 [http-nio-8088-exec-6] INFO  RecordIndexController  - 查询首页信息成功 userId=1
26-06-15.22:07:25.839 [SpringApplicationShutdownHook] INFO  HikariDataSource       - HikariPool-1 - Shutdown initiated...
26-06-15.22:07:25.847 [SpringApplicationShutdownHook] INFO  HikariDataSource       - HikariPool-1 - Shutdown completed.
