26-06-02.17:24:24.797 [main            ] INFO  UpdateRecordServiceTest - Starting UpdateRecordServiceTest using Java 17 on jjnice with PID 20364 (started by 24209 in D:\自学\java学习\记录系统\record-me\record-me-app)
26-06-02.17:24:24.798 [main            ] INFO  UpdateRecordServiceTest - The following 1 profile is active: "dev"
26-06-02.17:24:27.725 [main            ] INFO  EndpointLinksResolver  - Exposing 1 endpoint(s) beneath base path '/actuator'
26-06-02.17:24:27.794 [main            ] INFO  UpdateRecordServiceTest - Started UpdateRecordServiceTest in 3.449 seconds (JVM running for 4.323)
26-06-02.17:24:28.554 [main            ] INFO  HikariDataSource       - HikariPool-1 - Starting...
26-06-02.17:24:29.076 [main            ] INFO  HikariDataSource       - HikariPool-1 - Start completed.
26-06-02.17:24:29.108 [main            ] INFO  UpdateRecordServiceTest - 结束前 Alice 活跃周期: cycleId=2, startDate=Mon May 25 08:00:00 CST 2026, endDate=null
26-06-02.17:24:29.301 [SpringApplicationShutdownHook] INFO  HikariDataSource       - HikariPool-1 - Shutdown initiated...
26-06-02.17:24:29.317 [SpringApplicationShutdownHook] INFO  HikariDataSource       - HikariPool-1 - Shutdown completed.
26-06-02.17:26:00.263 [main            ] INFO  UpdateRecordServiceTest - Starting UpdateRecordServiceTest using Java 17 on jjnice with PID 1460 (started by 24209 in D:\自学\java学习\记录系统\record-me\record-me-app)
26-06-02.17:26:00.264 [main            ] INFO  UpdateRecordServiceTest - The following 1 profile is active: "dev"
26-06-02.17:26:03.083 [main            ] INFO  EndpointLinksResolver  - Exposing 1 endpoint(s) beneath base path '/actuator'
26-06-02.17:26:03.143 [main            ] INFO  UpdateRecordServiceTest - Started UpdateRecordServiceTest in 3.323 seconds (JVM running for 4.091)
26-06-02.17:26:03.813 [main            ] INFO  HikariDataSource       - HikariPool-1 - Starting...
26-06-02.17:26:04.337 [main            ] INFO  HikariDataSource       - HikariPool-1 - Start completed.
26-06-02.17:26:04.387 [SpringApplicationShutdownHook] INFO  HikariDataSource       - HikariPool-1 - Shutdown initiated...
26-06-02.17:26:04.392 [SpringApplicationShutdownHook] INFO  HikariDataSource       - HikariPool-1 - Shutdown completed.
26-06-02.17:26:30.147 [main            ] INFO  UpdateRecordServiceTest - Starting UpdateRecordServiceTest using Java 17 on jjnice with PID 11744 (started by 24209 in D:\自学\java学习\记录系统\record-me\record-me-app)
26-06-02.17:26:30.148 [main            ] INFO  UpdateRecordServiceTest - The following 1 profile is active: "dev"
26-06-02.17:26:33.130 [main            ] INFO  EndpointLinksResolver  - Exposing 1 endpoint(s) beneath base path '/actuator'
26-06-02.17:26:33.197 [main            ] INFO  UpdateRecordServiceTest - Started UpdateRecordServiceTest in 3.492 seconds (JVM running for 4.249)
26-06-02.17:26:33.896 [main            ] INFO  HikariDataSource       - HikariPool-1 - Starting...
26-06-02.17:26:34.371 [main            ] INFO  HikariDataSource       - HikariPool-1 - Start completed.
26-06-02.17:26:34.399 [main            ] INFO  UpdateRecordServiceTest - 开始前 Alice 活跃周期: CycleRecord(cycleId=2, userId=1, startDate=Mon May 25 08:00:00 CST 2026, endDate=Tue Jun 02 08:00:00 CST 2026, isActive=1, isDeleted=0, createTime=Tue Jun 02 06:48:09 CST 2026, updateTime=Wed Jun 03 01:24:29 CST 2026)
26-06-02.17:26:34.475 [main            ] INFO  UpdateRecordServiceTest - 旧周期已关闭: cycleId=2, isActive=0
26-06-02.17:26:34.476 [main            ] INFO  UpdateRecordServiceTest - 新周期: cycleId=4, startDate=Tue Jun 02 08:00:00 CST 2026, isActive=1
26-06-02.17:26:34.494 [SpringApplicationShutdownHook] INFO  HikariDataSource       - HikariPool-1 - Shutdown initiated...
26-06-02.17:26:34.517 [SpringApplicationShutdownHook] INFO  HikariDataSource       - HikariPool-1 - Shutdown completed.
