
  .   ____          _            __ _ _
 /\\ / ___'_ __ _ _(_)_ __  __ _ \ \ \ \
( ( )\___ | '_ | '_| | '_ \/ _` | \ \ \ \
 \\/  ___)| |_)| | | | | || (_| |  ) ) ) )
  '  |____| .__|_| |_|_| |_\__, | / / / /
 =========|_|==============|___/=/_/_/_/
 :: Spring Boot ::               (v2.7.12)

26-06-07.10:54:05.767 [main            ] INFO  Application            - Starting Application v1.0-SNAPSHOT using Java 17 on jjnice with PID 37388 (D:\自学\java学习\记录系统\record-me\record-me-app\target\record-me-app.jar started by 24209 in D:\自学\java学习\记录系统\record-me)
26-06-07.10:54:05.775 [main            ] INFO  Application            - The following 1 profile is active: "dev"
26-06-07.10:54:08.217 [main            ] INFO  TomcatWebServer        - Tomcat initialized with port(s): 8088 (http)
26-06-07.10:54:08.243 [main            ] INFO  Http11NioProtocol      - Initializing ProtocolHandler ["http-nio-8088"]
26-06-07.10:54:08.244 [main            ] INFO  StandardService        - Starting service [Tomcat]
26-06-07.10:54:08.244 [main            ] INFO  StandardEngine         - Starting Servlet engine: [Apache Tomcat/9.0.75]
26-06-07.10:54:08.352 [main            ] INFO  [/]                    - Initializing Spring embedded WebApplicationContext
26-06-07.10:54:08.354 [main            ] INFO  ServletWebServerApplicationContext - Root WebApplicationContext: initialization completed in 2465 ms
26-06-07.10:54:10.895 [main            ] INFO  EndpointLinksResolver  - Exposing 1 endpoint(s) beneath base path '/actuator'
26-06-07.10:54:10.946 [main            ] INFO  Http11NioProtocol      - Starting ProtocolHandler ["http-nio-8088"]
26-06-07.10:54:11.026 [main            ] INFO  TomcatWebServer        - Tomcat started on port(s): 8088 (http) with context path ''
26-06-07.10:54:11.098 [main            ] INFO  Application            - Started Application in 6.399 seconds (JVM running for 7.083)
26-06-07.10:55:10.837 [http-nio-8088-exec-1] INFO  [/]                    - Initializing Spring DispatcherServlet 'dispatcherServlet'
26-06-07.10:55:10.838 [http-nio-8088-exec-1] INFO  DispatcherServlet      - Initializing Servlet 'dispatcherServlet'
26-06-07.10:55:10.842 [http-nio-8088-exec-1] INFO  DispatcherServlet      - Completed initialization in 3 ms
26-06-07.10:55:10.983 [http-nio-8088-exec-1] INFO  HikariDataSource       - HikariPool-1 - Starting...
26-06-07.10:55:11.860 [http-nio-8088-exec-1] INFO  HikariDataSource       - HikariPool-1 - Start completed.
26-06-07.10:57:44.654 [http-nio-8088-exec-3] INFO  AuthController         - 用户登录成功 username=daohaha
26-06-07.10:58:27.789 [http-nio-8088-exec-9] INFO  AuthController         - 用户登录成功 username=daohaha
26-06-07.10:58:29.292 [http-nio-8088-exec-4] ERROR RecordIndexController  - 查询首页信息失败 userId=5
26-06-07.10:58:40.351 [http-nio-8088-exec-7] INFO  RecordIndexController  - 开始新周期成功 userId=5
26-06-07.10:58:40.374 [http-nio-8088-exec-5] INFO  RecordIndexController  - 查询首页信息成功 userId=5
26-06-07.11:39:15.498 [http-nio-8088-exec-8] INFO  RecordIndexController  - 查询首页信息成功 userId=5
26-06-07.11:40:15.946 [http-nio-8088-exec-9] INFO  RecordIndexController  - 查询首页信息成功 userId=5
26-06-07.11:40:16.166 [http-nio-8088-exec-10] INFO  RecordIndexController  - 查询首页信息成功 userId=5
26-06-07.11:41:18.780 [http-nio-8088-exec-6] INFO  RecordIndexController  - 查询首页信息成功 userId=5
26-06-07.11:41:19.701 [http-nio-8088-exec-7] INFO  RecordIndexController  - 查询首页信息成功 userId=5
26-06-07.11:41:20.349 [http-nio-8088-exec-5] INFO  RecordIndexController  - 查询首页信息成功 userId=5
26-06-07.11:41:55.522 [http-nio-8088-exec-1] INFO  RecordIndexController  - 查询首页信息成功 userId=5
26-06-07.11:41:55.531 [http-nio-8088-exec-2] INFO  RecordIndexController  - 查询首页信息成功 userId=5
26-06-07.11:42:02.045 [http-nio-8088-exec-3] INFO  RecordIndexController  - 查询首页信息成功 userId=5
26-06-07.11:42:03.453 [http-nio-8088-exec-8] INFO  RecordIndexController  - 查询首页信息成功 userId=5
26-06-07.11:46:48.033 [http-nio-8088-exec-4] INFO  RecordIndexController  - 查询首页信息成功 userId=5
26-06-07.11:46:48.063 [http-nio-8088-exec-6] INFO  RecordIndexController  - 查询首页信息成功 userId=5
26-06-07.11:47:07.877 [http-nio-8088-exec-7] INFO  RecordIndexController  - 查询首页信息成功 userId=5
26-06-07.11:47:07.892 [http-nio-8088-exec-5] INFO  RecordIndexController  - 查询首页信息成功 userId=5
26-06-07.11:47:15.642 [http-nio-8088-exec-1] INFO  RecordIndexController  - 查询首页信息成功 userId=5
26-06-07.11:47:15.647 [http-nio-8088-exec-2] INFO  RecordIndexController  - 查询首页信息成功 userId=5
26-06-07.11:47:15.905 [http-nio-8088-exec-3] INFO  RecordIndexController  - 查询首页信息成功 userId=5
26-06-07.11:47:34.326 [http-nio-8088-exec-8] INFO  RecordIndexController  - 查询首页信息成功 userId=5
26-06-07.11:47:40.314 [http-nio-8088-exec-9] INFO  RecordIndexController  - 查询首页信息成功 userId=5
